Archive member included to satisfy reference by file (symbol)

/usr/lib/gcc/arm-none-eabi/14.2.1/../../../arm-none-eabi/lib/thumb/v7-m/nofp/libc_nano.a(libc_a-sprintf.o)
                              ./Output/trace_module.o (sprintf)
/usr/lib/gcc/arm-none-eabi/14.2.1/../../../arm-none-eabi/lib/thumb/v7-m/nofp/libc_nano.a(libc_a-nano-svfprintf.o)
                              /usr/lib/gcc/arm-none-eabi/14.2.1/../../../arm-none-eabi/lib/thumb/v7-m/nofp/libc_nano.a(libc_a-sprintf.o) (_svfprintf_r)
/usr/lib/gcc/arm-none-eabi/14.2.1/../../../arm-none-eabi/lib/thumb/v7-m/nofp/libc_nano.a(libc_a-memchr-stub.o)
                              /usr/lib/gcc/arm-none-eabi/14.2.1/../../../arm-none-eabi/lib/thumb/v7-m/nofp/libc_nano.a(libc_a-nano-svfprintf.o) (memchr)
/usr/lib/gcc/arm-none-eabi/14.2.1/../../../arm-none-eabi/lib/thumb/v7-m/nofp/libc_nano.a(libc_a-memset.o)
                              ./Output/tasks.o (memset)
/usr/lib/gcc/arm-none-eabi/14.2.1/../../../arm-none-eabi/lib/thumb/v7-m/nofp/libc_nano.a(libc_a-mallocr.o)
                              /usr/lib/gcc/arm-none-eabi/14.2.1/../../../arm-none-eabi/lib/thumb/v7-m/nofp/libc_nano.a(libc_a-nano-svfprintf.o) (_malloc_r)
/usr/lib/gcc/arm-none-eabi/14.2.1/../../../arm-none-eabi/lib/thumb/v7-m/nofp/libc_nano.a(libc_a-memcpy.o)
                              /usr/lib/gcc/arm-none-eabi/14.2.1/../../../arm-none-eabi/lib/thumb/v7-m/nofp/libc_nano.a(libc_a-nano-svfprintf.o) (memcpy)
/usr/lib/gcc/arm-none-eabi/14.2.1/../../../arm-none-eabi/lib/thumb/v7-m/nofp/libc_nano.a(libc_a-freer.o)
                              /usr/lib/gcc/arm-none-eabi/14.2.1/../../../arm-none-eabi/lib/thumb/v7-m/nofp/libc_nano.a(libc_a-nano-svfprintf.o) (_free_r)
/usr/lib/gcc/arm-none-eabi/14.2.1/../../../arm-none-eabi/lib/thumb/v7-m/nofp/libc_nano.a(libc_a-impure.o)
                              /usr/lib/gcc/arm-none-eabi/14.2.1/../../../arm-none-eabi/lib/thumb/v7-m/nofp/libc_nano.a(libc_a-sprintf.o) (_impure_ptr)
/usr/lib/gcc/arm-none-eabi/14.2.1/../../../arm-none-eabi/lib/thumb/v7-m/nofp/libc_nano.a(libc_a-reallocr.o)
                              /usr/lib/gcc/arm-none-eabi/14.2.1/../../../arm-none-eabi/lib/thumb/v7-m/nofp/libc_nano.a(libc_a-nano-svfprintf.o) (_realloc_r)
/usr/lib/gcc/arm-none-eabi/14.2.1/../../../arm-none-eabi/lib/thumb/v7-m/nofp/libc_nano.a(libc_a-nano-vfprintf_i.o)
                              /usr/lib/gcc/arm-none-eabi/14.2.1/../../../arm-none-eabi/lib/thumb/v7-m/nofp/libc_nano.a(libc_a-nano-svfprintf.o) (_printf_i)
/usr/lib/gcc/arm-none-eabi/14.2.1/../../../arm-none-eabi/lib/thumb/v7-m/nofp/libc_nano.a(libc_a-mlock.o)
                              /usr/lib/gcc/arm-none-eabi/14.2.1/../../../arm-none-eabi/lib/thumb/v7-m/nofp/libc_nano.a(libc_a-mallocr.o) (__malloc_lock)
/usr/lib/gcc/arm-none-eabi/14.2.1/../../../arm-none-eabi/lib/thumb/v7-m/nofp/libc_nano.a(libc_a-memmove.o)
                              /usr/lib/gcc/arm-none-eabi/14.2.1/../../../arm-none-eabi/lib/thumb/v7-m/nofp/libc_nano.a(libc_a-nano-svfprintf.o) (memmove)
/usr/lib/gcc/arm-none-eabi/14.2.1/../../../arm-none-eabi/lib/thumb/v7-m/nofp/libc_nano.a(libc_a-sbrkr.o)
                              /usr/lib/gcc/arm-none-eabi/14.2.1/../../../arm-none-eabi/lib/thumb/v7-m/nofp/libc_nano.a(libc_a-mallocr.o) (_sbrk_r)
/usr/lib/gcc/arm-none-eabi/14.2.1/../../../arm-none-eabi/lib/thumb/v7-m/nofp/libc_nano.a(libc_a-msizer.o)
                              /usr/lib/gcc/arm-none-eabi/14.2.1/../../../arm-none-eabi/lib/thumb/v7-m/nofp/libc_nano.a(libc_a-reallocr.o) (_malloc_usable_size_r)
/usr/lib/gcc/arm-none-eabi/14.2.1/../../../arm-none-eabi/lib/thumb/v7-m/nofp/libc_nano.a(libc_a-reent.o)
                              /usr/lib/gcc/arm-none-eabi/14.2.1/../../../arm-none-eabi/lib/thumb/v7-m/nofp/libc_nano.a(libc_a-sbrkr.o) (errno)
/usr/lib/gcc/arm-none-eabi/14.2.1/../../../arm-none-eabi/lib/thumb/v7-m/nofp/libnosys.a(sbrk.o)
                              /usr/lib/gcc/arm-none-eabi/14.2.1/../../../arm-none-eabi/lib/thumb/v7-m/nofp/libc_nano.a(libc_a-sbrkr.o) (_sbrk)

Discarded input sections

 .group         0x00000000        0xc ./Output/list.o
 .group         0x00000000        0xc ./Output/list.o
 .group         0x00000000        0xc ./Output/list.o
 .group         0x00000000        0xc ./Output/list.o
 .group         0x00000000        0xc ./Output/list.o
 .group         0x00000000        0xc ./Output/list.o
 .group         0x00000000        0xc ./Output/list.o
 .group         0x00000000        0xc ./Output/list.o
 .group         0x00000000        0xc ./Output/list.o
 .group         0x00000000        0xc ./Output/list.o
 .group         0x00000000        0xc ./Output/list.o
 .group         0x00000000        0xc ./Output/list.o
 .group         0x00000000        0xc ./Output/list.o
 .group         0x00000000        0xc ./Output/list.o
 .group         0x00000000        0xc ./Output/list.o
 .group         0x00000000        0xc ./Output/list.o
 .group         0x00000000        0xc ./Output/list.o
 .group         0x00000000        0xc ./Output/list.o
 .group         0x00000000        0xc ./Output/list.o
 .group         0x00000000        0xc ./Output/list.o
 .group         0x00000000        0xc ./Output/list.o
 .group         0x00000000        0xc ./Output/list.o
 .group         0x00000000        0xc ./Output/list.o
 .group         0x00000000        0xc ./Output/list.o
 .group         0x00000000        0xc ./Output/list.o
 .group         0x00000000        0xc ./Output/list.o
 .group         0x00000000        0xc ./Output/list.o
 .group         0x00000000        0xc ./Output/list.o
 .group         0x00000000        0xc ./Output/list.o
 .group         0x00000000        0xc ./Output/list.o
 .group         0x00000000        0xc ./Output/list.o
 .text          0x00000000        0x0 ./Output/list.o
 .data          0x00000000        0x0 ./Output/list.o
 .bss           0x00000000        0x0 ./Output/list.o
 .text.vListInsert
                0x00000000       0x2e ./Output/list.o
 .group         0x00000000        0xc ./Output/tasks.o
 .group         0x00000000        0xc ./Output/tasks.o
 .group         0x00000000        0xc ./Output/tasks.o
 .group         0x00000000        0xc ./Output/tasks.o
 .group         0x00000000        0xc ./Output/tasks.o
 .group         0x00000000        0xc ./Output/tasks.o
 .group         0x00000000        0xc ./Output/tasks.o
 .group         0x00000000        0xc ./Output/tasks.o
 .group         0x00000000        0xc ./Output/tasks.o
 .group         0x00000000        0xc ./Output/tasks.o
 .group         0x00000000        0xc ./Output/tasks.o
 .group         0x00000000        0xc ./Output/tasks.o
 .group         0x00000000        0xc ./Output/tasks.o
 .group         0x00000000        0xc ./Output/tasks.o
 .group         0x00000000        0xc ./Output/tasks.o
 .group         0x00000000        0xc ./Output/tasks.o
 .group         0x00000000        0xc ./Output/tasks.o
 .group         0x00000000        0xc ./Output/tasks.o
 .group         0x00000000        0xc ./Output/tasks.o
 .group         0x00000000        0xc ./Output/tasks.o
 .group         0x00000000        0xc ./Output/tasks.o
 .group         0x00000000        0xc ./Output/tasks.o
 .group         0x00000000        0xc ./Output/tasks.o
 .group         0x00000000        0xc ./Output/tasks.o
 .group         0x00000000        0xc ./Output/tasks.o
 .group         0x00000000        0xc ./Output/tasks.o
 .group         0x00000000        0xc ./Output/tasks.o
 .group         0x00000000        0xc ./Output/tasks.o
 .group         0x00000000        0xc ./Output/tasks.o
 .group         0x00000000        0xc ./Output/tasks.o
 .group         0x00000000        0xc ./Output/tasks.o
 .group         0x00000000        0xc ./Output/tasks.o
 .group         0x00000000        0xc ./Output/tasks.o
 .group         0x00000000        0xc ./Output/tasks.o
 .group         0x00000000        0xc ./Output/tasks.o
 .group         0x00000000        0xc ./Output/tasks.o
 .group         0x00000000        0xc ./Output/tasks.o
 .group         0x00000000        0xc ./Output/tasks.o
 .text          0x00000000        0x0 ./Output/tasks.o
 .data          0x00000000        0x0 ./Output/tasks.o
 .bss           0x00000000        0x0 ./Output/tasks.o
 .text.prvAddCurrentTaskToDelayedList.constprop.0
                0x00000000       0xa4 ./Output/tasks.o
 .text.vTaskDelete
                0x00000000       0xf4 ./Output/tasks.o
 .text.eTaskGetState
                0x00000000       0x98 ./Output/tasks.o
 .text.vTaskResume
                0x00000000       0xb0 ./Output/tasks.o
 .text.xTaskResumeFromISR
                0x00000000       0xcc ./Output/tasks.o
 .text.vTaskEndScheduler
                0x00000000       0x34 ./Output/tasks.o
 .text.xTaskGetTickCount
                0x00000000        0xc ./Output/tasks.o
 .text.xTaskGetTickCountFromISR
                0x00000000       0x10 ./Output/tasks.o
 .text.uxTaskGetNumberOfTasks
                0x00000000        0xc ./Output/tasks.o
 .text.xTaskGetIdleTaskHandle
                0x00000000       0x20 ./Output/tasks.o
 .text.xTaskGetIdleTaskHandleForCore
                0x00000000       0x34 ./Output/tasks.o
 .text.vTaskPlaceOnEventList
                0x00000000       0x30 ./Output/tasks.o
 .text.vTaskPlaceOnUnorderedEventList
                0x00000000       0x6c ./Output/tasks.o
 .text.xTaskRemoveFromEventList
                0x00000000       0xcc ./Output/tasks.o
 .text.vTaskRemoveFromUnorderedEventList
                0x00000000       0xc4 ./Output/tasks.o
 .text.vTaskSetTimeOutState
                0x00000000       0x38 ./Output/tasks.o
 .text.vTaskInternalSetTimeOutState
                0x00000000       0x18 ./Output/tasks.o
 .text.xTaskCheckForTimeOut
                0x00000000       0x78 ./Output/tasks.o
 .text.vTaskMissedYield
                0x00000000        0xc ./Output/tasks.o
 .text.uxTaskGetTaskNumber
                0x00000000        0x6 ./Output/tasks.o
 .text.vTaskSetTaskNumber
                0x00000000        0x6 ./Output/tasks.o
 .text.uxTaskGetStackHighWaterMark
                0x00000000       0x30 ./Output/tasks.o
 .text.xTaskGetCurrentTaskHandle
                0x00000000        0xc ./Output/tasks.o
 .text.xTaskGetCurrentTaskHandleForCore
                0x00000000       0x10 ./Output/tasks.o
 .text.xTaskGetSchedulerState
                0x00000000       0x20 ./Output/tasks.o
 .text.uxTaskResetEventItemValue
                0x00000000       0x18 ./Output/tasks.o
 .text.xTaskGenericNotify
                0x00000000      0x120 ./Output/tasks.o
 .text.xTaskGenericNotifyFromISR
                0x00000000      0x170 ./Output/tasks.o
 .text.vTaskGenericNotifyGiveFromISR
                0x00000000      0x118 ./Output/tasks.o
 .text.xTaskGenericNotifyStateClear
                0x00000000       0x54 ./Output/tasks.o
 .text.ulTaskGenericNotifyValueClear
                0x00000000       0x50 ./Output/tasks.o
 .text.ulTaskGetRunTimeCounter
                0x00000000       0x50 ./Output/tasks.o
 .text.ulTaskGetRunTimePercent
                0x00000000       0x54 ./Output/tasks.o
 .text.ulTaskGetIdleRunTimeCounter
                0x00000000       0x50 ./Output/tasks.o
 .text.ulTaskGetIdleRunTimePercent
                0x00000000       0x34 ./Output/tasks.o
 .text.vTaskResetState
                0x00000000       0x74 ./Output/tasks.o
 .text.xTaskCatchUpTicks
                0x00000000       0x40 ./Output/tasks.o
 .text.vTaskGetInfo
                0x00000000       0xb8 ./Output/tasks.o
 .text.prvListTasksWithinSingleList
                0x00000000       0x36 ./Output/tasks.o
 .text.uxTaskGetSystemState
                0x00000000       0xc0 ./Output/tasks.o
 .text.ulTaskGenericNotifyTake
                0x00000000       0x90 ./Output/tasks.o
 .text.xTaskGenericNotifyWait
                0x00000000       0xc0 ./Output/tasks.o
 .text.uxTimelineGetFrameCount
                0x00000000        0xc ./Output/tasks.o
 .text.xTimelineGetTaskState
                0x00000000       0x38 ./Output/tasks.o
 .debug_macro   0x00000000      0xac0 ./Output/tasks.o
 .debug_macro   0x00000000       0x24 ./Output/tasks.o
 .debug_macro   0x00000000       0x22 ./Output/tasks.o
 .debug_macro   0x00000000       0x60 ./Output/tasks.o
 .debug_macro   0x00000000       0x94 ./Output/tasks.o
 .debug_macro   0x00000000       0x3c ./Output/tasks.o
 .debug_macro   0x00000000       0x34 ./Output/tasks.o
 .debug_macro   0x00000000       0x16 ./Output/tasks.o
 .debug_macro   0x00000000      0x11c ./Output/tasks.o
 .debug_macro   0x00000000       0x9b ./Output/tasks.o
 .debug_macro   0x00000000       0x57 ./Output/tasks.o
 .debug_macro   0x00000000      0x364 ./Output/tasks.o
 .debug_macro   0x00000000       0x16 ./Output/tasks.o
 .debug_macro   0x00000000       0x4a ./Output/tasks.o
 .debug_macro   0x00000000       0x34 ./Output/tasks.o
 .debug_macro   0x00000000       0x10 ./Output/tasks.o
 .debug_macro   0x00000000       0x52 ./Output/tasks.o
 .debug_macro   0x00000000      0x1e5 ./Output/tasks.o
 .debug_macro   0x00000000       0x16 ./Output/tasks.o
 .debug_macro   0x00000000       0x29 ./Output/tasks.o
 .debug_macro   0x00000000      0x34e ./Output/tasks.o
 .debug_macro   0x00000000       0x16 ./Output/tasks.o
 .debug_macro   0x00000000      0x1b7 ./Output/tasks.o
 .debug_macro   0x00000000       0x28 ./Output/tasks.o
 .debug_macro   0x00000000      0x182 ./Output/tasks.o
 .debug_macro   0x00000000       0xee ./Output/tasks.o
 .debug_macro   0x00000000       0x3a ./Output/tasks.o
 .debug_macro   0x00000000       0x1f ./Output/tasks.o
 .debug_macro   0x00000000       0x12 ./Output/tasks.o
 .debug_macro   0x00000000     0x1080 ./Output/tasks.o
 .debug_macro   0x00000000       0xc3 ./Output/tasks.o
 .group         0x00000000        0xc ./Output/heap_4.o
 .group         0x00000000        0xc ./Output/heap_4.o
 .group         0x00000000        0xc ./Output/heap_4.o
 .group         0x00000000        0xc ./Output/heap_4.o
 .group         0x00000000        0xc ./Output/heap_4.o
 .group         0x00000000        0xc ./Output/heap_4.o
 .group         0x00000000        0xc ./Output/heap_4.o
 .group         0x00000000        0xc ./Output/heap_4.o
 .group         0x00000000        0xc ./Output/heap_4.o
 .group         0x00000000        0xc ./Output/heap_4.o
 .group         0x00000000        0xc ./Output/heap_4.o
 .group         0x00000000        0xc ./Output/heap_4.o
 .group         0x00000000        0xc ./Output/heap_4.o
 .group         0x00000000        0xc ./Output/heap_4.o
 .group         0x00000000        0xc ./Output/heap_4.o
 .group         0x00000000        0xc ./Output/heap_4.o
 .group         0x00000000        0xc ./Output/heap_4.o
 .group         0x00000000        0xc ./Output/heap_4.o
 .group         0x00000000        0xc ./Output/heap_4.o
 .group         0x00000000        0xc ./Output/heap_4.o
 .group         0x00000000        0xc ./Output/heap_4.o
 .group         0x00000000        0xc ./Output/heap_4.o
 .group         0x00000000        0xc ./Output/heap_4.o
 .group         0x00000000        0xc ./Output/heap_4.o
 .group         0x00000000        0xc ./Output/heap_4.o
 .group         0x00000000        0xc ./Output/heap_4.o
 .group         0x00000000        0xc ./Output/heap_4.o
 .group         0x00000000        0xc ./Output/heap_4.o
 .group         0x00000000        0xc ./Output/heap_4.o
 .group         0x00000000        0xc ./Output/heap_4.o
 .group         0x00000000        0xc ./Output/heap_4.o
 .group         0x00000000        0xc ./Output/heap_4.o
 .group         0x00000000        0xc ./Output/heap_4.o
 .group         0x00000000        0xc ./Output/heap_4.o
 .text          0x00000000        0x0 ./Output/heap_4.o
 .data          0x00000000        0x0 ./Output/heap_4.o
 .bss           0x00000000        0x0 ./Output/heap_4.o
 .text.xPortGetFreeHeapSize
                0x00000000        0xc ./Output/heap_4.o
 .text.xPortGetMinimumEverFreeHeapSize
                0x00000000        0xc ./Output/heap_4.o
 .text.xPortResetHeapMinimumEverFreeHeapSize
                0x00000000       0x14 ./Output/heap_4.o
 .text.vPortInitialiseBlocks
                0x00000000        0x2 ./Output/heap_4.o
 .text.pvPortCalloc
                0x00000000       0x2a ./Output/heap_4.o
 .text.vPortGetHeapStats
                0x00000000       0x84 ./Output/heap_4.o
 .text.vPortHeapResetState
                0x00000000       0x2c ./Output/heap_4.o
 .debug_macro   0x00000000      0xac0 ./Output/heap_4.o
 .debug_macro   0x00000000       0x24 ./Output/heap_4.o
 .debug_macro   0x00000000       0x22 ./Output/heap_4.o
 .debug_macro   0x00000000       0x60 ./Output/heap_4.o
 .debug_macro   0x00000000       0x94 ./Output/heap_4.o
 .debug_macro   0x00000000       0x3c ./Output/heap_4.o
 .debug_macro   0x00000000       0x34 ./Output/heap_4.o
 .debug_macro   0x00000000       0x16 ./Output/heap_4.o
 .debug_macro   0x00000000      0x11c ./Output/heap_4.o
 .debug_macro   0x00000000       0x9b ./Output/heap_4.o
 .debug_macro   0x00000000       0x57 ./Output/heap_4.o
 .debug_macro   0x00000000      0x364 ./Output/heap_4.o
 .debug_macro   0x00000000       0x16 ./Output/heap_4.o
 .debug_macro   0x00000000       0x4a ./Output/heap_4.o
 .debug_macro   0x00000000       0x34 ./Output/heap_4.o
 .debug_macro   0x00000000       0x10 ./Output/heap_4.o
 .debug_macro   0x00000000       0x52 ./Output/heap_4.o
 .debug_macro   0x00000000      0x1e5 ./Output/heap_4.o
 .debug_macro   0x00000000       0x16 ./Output/heap_4.o
 .debug_macro   0x00000000       0x29 ./Output/heap_4.o
 .debug_macro   0x00000000       0x16 ./Output/heap_4.o
 .debug_macro   0x00000000       0x3c ./Output/heap_4.o
 .debug_macro   0x00000000      0x34e ./Output/heap_4.o
 .debug_macro   0x00000000       0x16 ./Output/heap_4.o
 .debug_macro   0x00000000      0x1b7 ./Output/heap_4.o
 .debug_macro   0x00000000       0x28 ./Output/heap_4.o
 .debug_macro   0x00000000      0x182 ./Output/heap_4.o
 .debug_macro   0x00000000       0xee ./Output/heap_4.o
 .debug_macro   0x00000000       0x3a ./Output/heap_4.o
 .debug_macro   0x00000000       0x1f ./Output/heap_4.o
 .debug_macro   0x00000000       0x12 ./Output/heap_4.o
 .debug_macro   0x00000000     0x1080 ./Output/heap_4.o
 .debug_macro   0x00000000       0xc3 ./Output/heap_4.o
 .debug_macro   0x00000000      0x161 ./Output/heap_4.o
 .group         0x00000000        0xc ./Output/port.o
 .group         0x00000000        0xc ./Output/port.o
 .group         0x00000000        0xc ./Output/port.o
 .group         0x00000000        0xc ./Output/port.o
 .group         0x00000000        0xc ./Output/port.o
 .group         0x00000000        0xc ./Output/port.o
 .group         0x00000000        0xc ./Output/port.o
 .group         0x00000000        0xc ./Output/port.o
 .group         0x00000000        0xc ./Output/port.o
 .group         0x00000000        0xc ./Output/port.o
 .group         0x00000000        0xc ./Output/port.o
 .group         0x00000000        0xc ./Output/port.o
 .group         0x00000000        0xc ./Output/port.o
 .group         0x00000000        0xc ./Output/port.o
 .text          0x00000000        0x0 ./Output/port.o
 .data          0x00000000        0x0 ./Output/port.o
 .bss           0x00000000        0x0 ./Output/port.o
 .text.vPortEndScheduler
                0x00000000       0x24 ./Output/port.o
 .text.vPortValidateInterruptPriority
                0x00000000       0x5c ./Output/port.o
 .debug_macro   0x00000000      0xac0 ./Output/port.o
 .debug_macro   0x00000000      0x34e ./Output/port.o
 .debug_macro   0x00000000       0x16 ./Output/port.o
 .debug_macro   0x00000000      0x1b7 ./Output/port.o
 .debug_macro   0x00000000       0x28 ./Output/port.o
 .debug_macro   0x00000000      0x182 ./Output/port.o
 .debug_macro   0x00000000       0xee ./Output/port.o
 .debug_macro   0x00000000       0x3a ./Output/port.o
 .debug_macro   0x00000000       0x1f ./Output/port.o
 .debug_macro   0x00000000       0x12 ./Output/port.o
 .debug_macro   0x00000000     0x1080 ./Output/port.o
 .debug_macro   0x00000000       0xc3 ./Output/port.o
 .debug_macro   0x00000000      0x161 ./Output/port.o
 .group         0x00000000        0xc ./Output/main.o
 .group         0x00000000        0xc ./Output/main.o
 .group         0x00000000        0xc ./Output/main.o
 .group         0x00000000        0xc ./Output/main.o
 .group         0x00000000        0xc ./Output/main.o
 .group         0x00000000        0xc ./Output/main.o
 .group         0x00000000        0xc ./Output/main.o
 .group         0x00000000        0xc ./Output/main.o
 .group         0x00000000        0xc ./Output/main.o
 .group         0x00000000        0xc ./Output/main.o
 .group         0x00000000        0xc ./Output/main.o
 .group         0x00000000        0xc ./Output/main.o
 .group         0x00000000        0xc ./Output/main.o
 .group         0x00000000        0xc ./Output/main.o
 .group         0x00000000        0xc ./Output/main.o
 .group         0x00000000        0xc ./Output/main.o
 .group         0x00000000        0xc ./Output/main.o
 .text          0x00000000        0x0 ./Output/main.o
 .data          0x00000000        0x0 ./Output/main.o
 .bss           0x00000000        0x0 ./Output/main.o
 .rodata.HardFault_Handler.str1.1
                0x00000000        0xc ./Output/main.o
 .text.HardFault_Handler
                0x00000000       0x10 ./Output/main.o
 .debug_macro   0x00000000      0xac0 ./Output/main.o
 .debug_macro   0x00000000      0x190 ./Output/main.o
 .debug_macro   0x00000000      0x34e ./Output/main.o
 .debug_macro   0x00000000       0x16 ./Output/main.o
 .debug_macro   0x00000000      0x1b7 ./Output/main.o
 .debug_macro   0x00000000       0x28 ./Output/main.o
 .debug_macro   0x00000000      0x182 ./Output/main.o
 .debug_macro   0x00000000       0xee ./Output/main.o
 .debug_macro   0x00000000       0x3a ./Output/main.o
 .debug_macro   0x00000000       0x1f ./Output/main.o
 .debug_macro   0x00000000       0x12 ./Output/main.o
 .debug_macro   0x00000000     0x1080 ./Output/main.o
 .debug_macro   0x00000000       0xc3 ./Output/main.o
 .debug_macro   0x00000000      0x161 ./Output/main.o
 .debug_macro   0x00000000       0x28 ./Output/main.o
 .debug_macro   0x00000000       0x28 ./Output/main.o
 .group         0x00000000        0xc ./Output/uart.o
 .group         0x00000000        0xc ./Output/uart.o
 .group         0x00000000        0xc ./Output/uart.o
 .group         0x00000000        0xc ./Output/uart.o
 .group         0x00000000        0xc ./Output/uart.o
 .group         0x00000000        0xc ./Output/uart.o
 .group         0x00000000        0xc ./Output/uart.o
 .group         0x00000000        0xc ./Output/uart.o
 .group         0x00000000        0xc ./Output/uart.o
 .group         0x00000000        0xc ./Output/uart.o
 .group         0x00000000        0xc ./Output/uart.o
 .group         0x00000000        0xc ./Output/uart.o
 .group         0x00000000        0xc ./Output/uart.o
 .text          0x00000000        0x0 ./Output/uart.o
 .data          0x00000000        0x0 ./Output/uart.o
 .bss           0x00000000        0x0 ./Output/uart.o
 .debug_macro   0x00000000      0xac0 ./Output/uart.o
 .debug_macro   0x00000000      0x190 ./Output/uart.o
 .debug_macro   0x00000000      0x34e ./Output/uart.o
 .debug_macro   0x00000000       0x16 ./Output/uart.o
 .debug_macro   0x00000000      0x1b7 ./Output/uart.o
 .debug_macro   0x00000000       0x28 ./Output/uart.o
 .debug_macro   0x00000000      0x182 ./Output/uart.o
 .debug_macro   0x00000000       0xee ./Output/uart.o
 .debug_macro   0x00000000       0x3a ./Output/uart.o
 .debug_macro   0x00000000       0x1f ./Output/uart.o
 .debug_macro   0x00000000       0x12 ./Output/uart.o
 .debug_macro   0x00000000     0x1080 ./Output/uart.o
 .group         0x00000000        0xc ./Output/trace_module.o
 .group         0x00000000        0xc ./Output/trace_module.o
 .group         0x00000000        0xc ./Output/trace_module.o
 .group         0x00000000        0xc ./Output/trace_module.o
 .group         0x00000000        0xc ./Output/trace_module.o
 .group         0x00000000        0xc ./Output/trace_module.o
 .group         0x00000000        0xc ./Output/trace_module.o
 .group         0x00000000        0xc ./Output/trace_module.o
 .group         0x00000000        0xc ./Output/trace_module.o
 .group         0x00000000        0xc ./Output/trace_module.o
 .group         0x00000000        0xc ./Output/trace_module.o
 .group         0x00000000        0xc ./Output/trace_module.o
 .group         0x00000000        0xc ./Output/trace_module.o
 .group         0x00000000        0xc ./Output/trace_module.o
 .group         0x00000000        0xc ./Output/trace_module.o
 .group         0x00000000        0xc ./Output/trace_module.o
 .group         0x00000000        0xc ./Output/trace_module.o
 .group         0x00000000        0xc ./Output/trace_module.o
 .group         0x00000000        0xc ./Output/trace_module.o
 .group         0x00000000        0xc ./Output/trace_module.o
 .group         0x00000000        0xc ./Output/trace_module.o
 .group         0x00000000        0xc ./Output/trace_module.o
 .group         0x00000000        0xc ./Output/trace_module.o
 .group         0x00000000        0xc ./Output/trace_module.o
 .group         0x00000000        0xc ./Output/trace_module.o
 .group         0x00000000        0xc ./Output/trace_module.o
 .group         0x00000000        0xc ./Output/trace_module.o
 .group         0x00000000        0xc ./Output/trace_module.o
 .group         0x00000000        0xc ./Output/trace_module.o
 .group         0x00000000        0xc ./Output/trace_module.o
 .group         0x00000000        0xc ./Output/trace_module.o
 .group         0x00000000        0xc ./Output/trace_module.o
 .group         0x00000000        0xc ./Output/trace_module.o
 .group         0x00000000        0xc ./Output/trace_module.o
 .group         0x00000000        0xc ./Output/trace_module.o
 .group         0x00000000        0xc ./Output/trace_module.o
 .group         0x00000000        0xc ./Output/trace_module.o
 .group         0x00000000        0xc ./Output/trace_module.o
 .group         0x00000000        0xc ./Output/trace_module.o
 .text          0x00000000        0x0 ./Output/trace_module.o
 .data          0x00000000        0x0 ./Output/trace_module.o
 .bss           0x00000000        0x0 ./Output/trace_module.o
 .debug_macro   0x00000000      0xac0 ./Output/trace_module.o
 .debug_macro   0x00000000       0x22 ./Output/trace_module.o
 .debug_macro   0x00000000       0x60 ./Output/trace_module.o
 .debug_macro   0x00000000       0x24 ./Output/trace_module.o
 .debug_macro   0x00000000       0x94 ./Output/trace_module.o
 .debug_macro   0x00000000       0x3c ./Output/trace_module.o
 .debug_macro   0x00000000       0x34 ./Output/trace_module.o
 .debug_macro   0x00000000       0x57 ./Output/trace_module.o
 .debug_macro   0x00000000      0x364 ./Output/trace_module.o
 .debug_macro   0x00000000       0x16 ./Output/trace_module.o
 .debug_macro   0x00000000       0x4a ./Output/trace_module.o
 .debug_macro   0x00000000       0x34 ./Output/trace_module.o
 .debug_macro   0x00000000       0x10 ./Output/trace_module.o
 .debug_macro   0x00000000       0x52 ./Output/trace_module.o
 .debug_macro   0x00000000      0x1e5 ./Output/trace_module.o
 .debug_macro   0x00000000       0x16 ./Output/trace_module.o
 .debug_macro   0x00000000       0x3c ./Output/trace_module.o
 .debug_macro   0x00000000      0x34e ./Output/trace_module.o
 .debug_macro   0x00000000       0x16 ./Output/trace_module.o
 .debug_macro   0x00000000      0x1b7 ./Output/trace_module.o
 .debug_macro   0x00000000       0x28 ./Output/trace_module.o
 .debug_macro   0x00000000      0x182 ./Output/trace_module.o
 .debug_macro   0x00000000       0xee ./Output/trace_module.o
 .debug_macro   0x00000000       0x3a ./Output/trace_module.o
 .debug_macro   0x00000000       0x1f ./Output/trace_module.o
 .debug_macro   0x00000000       0x12 ./Output/trace_module.o
 .debug_macro   0x00000000     0x1080 ./Output/trace_module.o
 .debug_macro   0x00000000       0xc3 ./Output/trace_module.o
 .debug_macro   0x00000000      0x161 ./Output/trace_module.o
 .debug_macro   0x00000000       0x28 ./Output/trace_module.o
 .debug_macro   0x00000000       0x28 ./Output/trace_module.o
 .group         0x00000000        0xc ./Output/test_suite.o
 .group         0x00000000        0xc ./Output/test_suite.o
 .group         0x00000000        0xc ./Output/test_suite.o
 .group         0x00000000        0xc ./Output/test_suite.o
 .group         0x00000000        0xc ./Output/test_suite.o
 .group         0x00000000        0xc ./Output/test_suite.o
 .group         0x00000000        0xc ./Output/test_suite.o
 .group         0x00000000        0xc ./Output/test_suite.o
 .group         0x00000000        0xc ./Output/test_suite.o
 .group         0x00000000        0xc ./Output/test_suite.o
 .group         0x00000000        0xc ./Output/test_suite.o
 .group         0x00000000        0xc ./Output/test_suite.o
 .group         0x00000000        0xc ./Output/test_suite.o
 .group         0x00000000        0xc ./Output/test_suite.o
 .group         0x00000000        0xc ./Output/test_suite.o
 .group         0x00000000        0xc ./Output/test_suite.o
 .group         0x00000000        0xc ./Output/test_suite.o
 .group         0x00000000        0xc ./Output/test_suite.o
 .group         0x00000000        0xc ./Output/test_suite.o
 .group         0x00000000        0xc ./Output/test_suite.o
 .group         0x00000000        0xc ./Output/test_suite.o
 .group         0x00000000        0xc ./Output/test_suite.o
 .group         0x00000000        0xc ./Output/test_suite.o
 .group         0x00000000        0xc ./Output/test_suite.o
 .group         0x00000000        0xc ./Output/test_suite.o
 .group         0x00000000        0xc ./Output/test_suite.o
 .group         0x00000000        0xc ./Output/test_suite.o
 .group         0x00000000        0xc ./Output/test_suite.o
 .group         0x00000000        0xc ./Output/test_suite.o
 .group         0x00000000        0xc ./Output/test_suite.o
 .group         0x00000000        0xc ./Output/test_suite.o
 .group         0x00000000        0xc ./Output/test_suite.o
 .group         0x00000000        0xc ./Output/test_suite.o
 .group         0x00000000        0xc ./Output/test_suite.o
 .group         0x00000000        0xc ./Output/test_suite.o
 .group         0x00000000        0xc ./Output/test_suite.o
 .group         0x00000000        0xc ./Output/test_suite.o
 .group         0x00000000        0xc ./Output/test_suite.o
 .group         0x00000000        0xc ./Output/test_suite.o
 .text          0x00000000        0x0 ./Output/test_suite.o
 .data          0x00000000        0x0 ./Output/test_suite.o
 .bss           0x00000000        0x0 ./Output/test_suite.o
 .text.vWaitForFrame
                0x00000000       0x16 ./Output/test_suite.o
 .rodata.vTestReport.str1.1
                0x00000000       0x3b ./Output/test_suite.o
 .text.vTestReport
                0x00000000       0x50 ./Output/test_suite.o
 .rodata.prvTestMonitorTask.str1.1
                0x00000000      0x3b1 ./Output/test_suite.o
 .text.prvTestMonitorTask
                0x00000000      0x2dc ./Output/test_suite.o
 .text.vTestTask_Normal
                0x00000000        0x2 ./Output/test_suite.o
 .text.vTestTask_SpinForever
                0x00000000        0x4 ./Output/test_suite.o
 .rodata.vTestSuiteStart.str1.1
                0x00000000        0xc ./Output/test_suite.o
 .text.vTestSuiteStart
                0x00000000       0x3c ./Output/test_suite.o
 .bss.uxTestsFailed
                0x00000000        0x4 ./Output/test_suite.o
 .bss.uxTestsPassed
                0x00000000        0x4 ./Output/test_suite.o
 .debug_info    0x00000000      0xf44 ./Output/test_suite.o
 .debug_abbrev  0x00000000      0x33f ./Output/test_suite.o
 .debug_loclists
                0x00000000      0x575 ./Output/test_suite.o
 .debug_aranges
                0x00000000       0x48 ./Output/test_suite.o
 .debug_rnglists
                0x00000000       0xa0 ./Output/test_suite.o
 .debug_macro   0x00000000      0x1f0 ./Output/test_suite.o
 .debug_macro   0x00000000      0xac0 ./Output/test_suite.o
 .debug_macro   0x00000000       0x22 ./Output/test_suite.o
 .debug_macro   0x00000000       0x60 ./Output/test_suite.o
 .debug_macro   0x00000000       0x24 ./Output/test_suite.o
 .debug_macro   0x00000000       0x94 ./Output/test_suite.o
 .debug_macro   0x00000000       0x3c ./Output/test_suite.o
 .debug_macro   0x00000000       0x34 ./Output/test_suite.o
 .debug_macro   0x00000000       0x16 ./Output/test_suite.o
 .debug_macro   0x00000000       0x57 ./Output/test_suite.o
 .debug_macro   0x00000000       0x9e ./Output/test_suite.o
 .debug_macro   0x00000000      0x364 ./Output/test_suite.o
 .debug_macro   0x00000000      0x112 ./Output/test_suite.o
 .debug_macro   0x00000000       0x10 ./Output/test_suite.o
 .debug_macro   0x00000000       0x16 ./Output/test_suite.o
 .debug_macro   0x00000000       0x4a ./Output/test_suite.o
 .debug_macro   0x00000000       0x34 ./Output/test_suite.o
 .debug_macro   0x00000000       0x10 ./Output/test_suite.o
 .debug_macro   0x00000000       0x52 ./Output/test_suite.o
 .debug_macro   0x00000000      0x1e5 ./Output/test_suite.o
 .debug_macro   0x00000000       0x16 ./Output/test_suite.o
 .debug_macro   0x00000000       0x16 ./Output/test_suite.o
 .debug_macro   0x00000000      0x170 ./Output/test_suite.o
 .debug_macro   0x00000000       0x16 ./Output/test_suite.o
 .debug_macro   0x00000000       0x3c ./Output/test_suite.o
 .debug_macro   0x00000000      0x34e ./Output/test_suite.o
 .debug_macro   0x00000000       0x16 ./Output/test_suite.o
 .debug_macro   0x00000000      0x1b7 ./Output/test_suite.o
 .debug_macro   0x00000000       0x28 ./Output/test_suite.o
 .debug_macro   0x00000000      0x182 ./Output/test_suite.o
 .debug_macro   0x00000000       0xee ./Output/test_suite.o
 .debug_macro   0x00000000       0x3a ./Output/test_suite.o
 .debug_macro   0x00000000       0x1f ./Output/test_suite.o
 .debug_macro   0x00000000       0x12 ./Output/test_suite.o
 .debug_macro   0x00000000     0x1080 ./Output/test_suite.o
 .debug_macro   0x00000000       0xc3 ./Output/test_suite.o
 .debug_macro   0x00000000      0x161 ./Output/test_suite.o
 .debug_macro   0x00000000       0x28 ./Output/test_suite.o
 .debug_macro   0x00000000       0x16 ./Output/test_suite.o
 .debug_macro   0x00000000       0x28 ./Output/test_suite.o
 .debug_line    0x00000000      0x690 ./Output/test_suite.o
 .debug_str     0x00000000    0x124fe ./Output/test_suite.o
 .comment       0x00000000       0x27 ./Output/test_suite.o
 .debug_frame   0x00000000       0xb0 ./Output/test_suite.o
 .ARM.attributes
                0x00000000       0x2d ./Output/test_suite.o
 .group         0x00000000        0xc ./Output/startup.o
 .group         0x00000000        0xc ./Output/startup.o
 .group         0x00000000        0xc ./Output/startup.o
 .group         0x00000000        0xc ./Output/startup.o
 .group         0x00000000        0xc ./Output/startup.o
 .group         0x00000000        0xc ./Output/startup.o
 .group         0x00000000        0xc ./Output/startup.o
 .group         0x00000000        0xc ./Output/startup.o
 .group         0x00000000        0xc ./Output/startup.o
 .group         0x00000000        0xc ./Output/startup.o
 .group         0x00000000        0xc ./Output/startup.o
 .group         0x00000000        0xc ./Output/startup.o
 .group         0x00000000        0xc ./Output/startup.o
 .text          0x00000000        0x0 ./Output/startup.o
 .data          0x00000000        0x0 ./Output/startup.o
 .bss           0x00000000        0x0 ./Output/startup.o
 .debug_macro   0x00000000      0xac0 ./Output/startup.o
 .debug_macro   0x00000000      0x190 ./Output/startup.o
 .debug_macro   0x00000000      0x34e ./Output/startup.o
 .debug_macro   0x00000000       0x16 ./Output/startup.o
 .debug_macro   0x00000000      0x1b7 ./Output/startup.o
 .debug_macro   0x00000000       0x28 ./Output/startup.o
 .debug_macro   0x00000000      0x182 ./Output/startup.o
 .debug_macro   0x00000000       0xee ./Output/startup.o
 .debug_macro   0x00000000       0x3a ./Output/startup.o
 .debug_macro   0x00000000       0x1f ./Output/startup.o
 .debug_macro   0x00000000       0x12 ./Output/startup.o
 .debug_macro   0x00000000     0x1080 ./Output/startup.o
 .debug_macro   0x00000000       0x22 ./Output/startup.o
 .data          0x00000000        0x0 /usr/lib/gcc/arm-none-eabi/14.2.1/../../../arm-none-eabi/lib/thumb/v7-m/nofp/libc_nano.a(libc_a-sprintf.o)
 .bss           0x00000000        0x0 /usr/lib/gcc/arm-none-eabi/14.2.1/../../../arm-none-eabi/lib/thumb/v7-m/nofp/libc_nano.a(libc_a-sprintf.o)
 .data          0x00000000        0x0 /usr/lib/gcc/arm-none-eabi/14.2.1/../../../arm-none-eabi/lib/thumb/v7-m/nofp/libc_nano.a(libc_a-nano-svfprintf.o)
 .bss           0x00000000        0x0 /usr/lib/gcc/arm-none-eabi/14.2.1/../../../arm-none-eabi/lib/thumb/v7-m/nofp/libc_nano.a(libc_a-nano-svfprintf.o)
 .data          0x00000000        0x0 /usr/lib/gcc/arm-none-eabi/14.2.1/../../../arm-none-eabi/lib/thumb/v7-m/nofp/libc_nano.a(libc_a-memchr-stub.o)
 .bss           0x00000000        0x0 /usr/lib/gcc/arm-none-eabi/14.2.1/../../../arm-none-eabi/lib/thumb/v7-m/nofp/libc_nano.a(libc_a-memchr-stub.o)
 .data          0x00000000        0x0 /usr/lib/gcc/arm-none-eabi/14.2.1/../../../arm-none-eabi/lib/thumb/v7-m/nofp/libc_nano.a(libc_a-memset.o)
 .bss           0x00000000        0x0 /usr/lib/gcc/arm-none-eabi/14.2.1/../../../arm-none-eabi/lib/thumb/v7-m/nofp/libc_nano.a(libc_a-memset.o)
 .data          0x00000000        0x0 /usr/lib/gcc/arm-none-eabi/14.2.1/../../../arm-none-eabi/lib/thumb/v7-m/nofp/libc_nano.a(libc_a-mallocr.o)
 .data          0x00000000        0x0 /usr/lib/gcc/arm-none-eabi/14.2.1/../../../arm-none-eabi/lib/thumb/v7-m/nofp/libc_nano.a(libc_a-memcpy.o)
 .bss           0x00000000        0x0 /usr/lib/gcc/arm-none-eabi/14.2.1/../../../arm-none-eabi/lib/thumb/v7-m/nofp/libc_nano.a(libc_a-memcpy.o)
 .ARM.extab     0x00000000        0x0 /usr/lib/gcc/arm-none-eabi/14.2.1/../../../arm-none-eabi/lib/thumb/v7-m/nofp/libc_nano.a(libc_a-memcpy.o)
 .data          0x00000000        0x0 /usr/lib/gcc/arm-none-eabi/14.2.1/../../../arm-none-eabi/lib/thumb/v7-m/nofp/libc_nano.a(libc_a-freer.o)
 .bss           0x00000000        0x0 /usr/lib/gcc/arm-none-eabi/14.2.1/../../../arm-none-eabi/lib/thumb/v7-m/nofp/libc_nano.a(libc_a-freer.o)
 .text          0x00000000        0x0 /usr/lib/gcc/arm-none-eabi/14.2.1/../../../arm-none-eabi/lib/thumb/v7-m/nofp/libc_nano.a(libc_a-impure.o)
 .bss           0x00000000        0x0 /usr/lib/gcc/arm-none-eabi/14.2.1/../../../arm-none-eabi/lib/thumb/v7-m/nofp/libc_nano.a(libc_a-impure.o)
 .data          0x00000000        0x0 /usr/lib/gcc/arm-none-eabi/14.2.1/../../../arm-none-eabi/lib/thumb/v7-m/nofp/libc_nano.a(libc_a-reallocr.o)
 .bss           0x00000000        0x0 /usr/lib/gcc/arm-none-eabi/14.2.1/../../../arm-none-eabi/lib/thumb/v7-m/nofp/libc_nano.a(libc_a-reallocr.o)
 .data          0x00000000        0x0 /usr/lib/gcc/arm-none-eabi/14.2.1/../../../arm-none-eabi/lib/thumb/v7-m/nofp/libc_nano.a(libc_a-nano-vfprintf_i.o)
 .bss           0x00000000        0x0 /usr/lib/gcc/arm-none-eabi/14.2.1/../../../arm-none-eabi/lib/thumb/v7-m/nofp/libc_nano.a(libc_a-nano-vfprintf_i.o)
 .data          0x00000000        0x0 /usr/lib/gcc/arm-none-eabi/14.2.1/../../../arm-none-eabi/lib/thumb/v7-m/nofp/libc_nano.a(libc_a-mlock.o)
 .bss           0x00000000        0x0 /usr/lib/gcc/arm-none-eabi/14.2.1/../../../arm-none-eabi/lib/thumb/v7-m/nofp/libc_nano.a(libc_a-mlock.o)
 .data          0x00000000        0x0 /usr/lib/gcc/arm-none-eabi/14.2.1/../../../arm-none-eabi/lib/thumb/v7-m/nofp/libc_nano.a(libc_a-memmove.o)
 .bss           0x00000000        0x0 /usr/lib/gcc/arm-none-eabi/14.2.1/../../../arm-none-eabi/lib/thumb/v7-m/nofp/libc_nano.a(libc_a-memmove.o)
 .data          0x00000000        0x0 /usr/lib/gcc/arm-none-eabi/14.2.1/../../../arm-none-eabi/lib/thumb/v7-m/nofp/libc_nano.a(libc_a-sbrkr.o)
 .bss           0x00000000        0x0 /usr/lib/gcc/arm-none-eabi/14.2.1/../../../arm-none-eabi/lib/thumb/v7-m/nofp/libc_nano.a(libc_a-sbrkr.o)
 .data          0x00000000        0x0 /usr/lib/gcc/arm-none-eabi/14.2.1/../../../arm-none-eabi/lib/thumb/v7-m/nofp/libc_nano.a(libc_a-msizer.o)
 .bss           0x00000000        0x0 /usr/lib/gcc/arm-none-eabi/14.2.1/../../../arm-none-eabi/lib/thumb/v7-m/nofp/libc_nano.a(libc_a-msizer.o)
 .text          0x00000000       0xd4 /usr/lib/gcc/arm-none-eabi/14.2.1/../../../arm-none-eabi/lib/thumb/v7-m/nofp/libc_nano.a(libc_a-reent.o)
 .data          0x00000000        0x0 /usr/lib/gcc/arm-none-eabi/14.2.1/../../../arm-none-eabi/lib/thumb/v7-m/nofp/libc_nano.a(libc_a-reent.o)
 .data          0x00000000        0x0 /usr/lib/gcc/arm-none-eabi/14.2.1/../../../arm-none-eabi/lib/thumb/v7-m/nofp/libnosys.a(sbrk.o)

Memory Configuration

Name             Origin             Length             Attributes
FLASH            0x00000000         0x00400000         xr
RAM              0x20000000         0x00400000         rw
*default*        0x00000000         0xffffffff

Linker script and memory map

LOAD ./Output/list.o
LOAD ./Output/tasks.o
LOAD ./Output/heap_4.o
LOAD ./Output/port.o
LOAD ./Output/main.o
LOAD ./Output/uart.o
LOAD ./Output/trace_module.o
LOAD ./Output/test_suite.o
LOAD ./Output/startup.o
START GROUP
LOAD /usr/lib/gcc/arm-none-eabi/14.2.1/thumb/v7-m/nofp/libgcc.a
LOAD /usr/lib/gcc/arm-none-eabi/14.2.1/../../../arm-none-eabi/lib/thumb/v7-m/nofp/libc_nano.a
END GROUP
START GROUP
LOAD /usr/lib/gcc/arm-none-eabi/14.2.1/thumb/v7-m/nofp/libgcc.a
LOAD /usr/lib/gcc/arm-none-eabi/14.2.1/../../../arm-none-eabi/lib/thumb/v7-m/nofp/libc_nano.a
LOAD /usr/lib/gcc/arm-none-eabi/14.2.1/../../../arm-none-eabi/lib/thumb/v7-m/nofp/libnosys.a
END GROUP
START GROUP
LOAD /usr/lib/gcc/arm-none-eabi/14.2.1/thumb/v7-m/nofp/libgcc.a
LOAD /usr/lib/gcc/arm-none-eabi/14.2.1/../../../arm-none-eabi/lib/thumb/v7-m/nofp/libc_nano.a
LOAD /usr/lib/gcc/arm-none-eabi/14.2.1/../../../arm-none-eabi/lib/thumb/v7-m/nofp/libnosys.a
END GROUP
                0x00000008                        _Min_Heap_Size = 0x8
                0x00000400                        _Min_Stack_Size = 0x400
                0x20400000                        _estack = (ORIGIN (RAM) + LENGTH (RAM))

.isr_vector     0x00000000       0x78
                0x00000000                        __vector_table = .
 *(.isr_vector)
 .isr_vector    0x00000000       0x78 ./Output/startup.o
                0x00000000                isr_vector
                0x00000078                        . = ALIGN (0x4)

.text           0x00000078      0xf61
 *(.text)
 .text          0x00000078       0x80 /usr/lib/gcc/arm-none-eabi/14.2.1/../../../arm-none-eabi/lib/thumb/v7-m/nofp/libc_nano.a(libc_a-sprintf.o)
                0x00000078                _siprintf_r
                0x00000078                _sprintf_r
                0x000000b4                sprintf
                0x000000b4                siprintf
 .text          0x000000f8      0x400 /usr/lib/gcc/arm-none-eabi/14.2.1/../../../arm-none-eabi/lib/thumb/v7-m/nofp/libc_nano.a(libc_a-nano-svfprintf.o)
                0x000000f8                __ssputs_r
                0x000001b8                __ssprint_r
                0x000002c8                _svfprintf_r
                0x000002c8                _svfiprintf_r
 .text          0x000004f8       0x98 /usr/lib/gcc/arm-none-eabi/14.2.1/../../../arm-none-eabi/lib/thumb/v7-m/nofp/libc_nano.a(libc_a-memchr-stub.o)
                0x000004f8                memchr
 .text          0x00000590       0xa0 /usr/lib/gcc/arm-none-eabi/14.2.1/../../../arm-none-eabi/lib/thumb/v7-m/nofp/libc_nano.a(libc_a-memset.o)
                0x00000590                memset
 .text          0x00000630      0x14c /usr/lib/gcc/arm-none-eabi/14.2.1/../../../arm-none-eabi/lib/thumb/v7-m/nofp/libc_nano.a(libc_a-mallocr.o)
                0x0000067c                _malloc_r
 .text          0x0000077c       0xec /usr/lib/gcc/arm-none-eabi/14.2.1/../../../arm-none-eabi/lib/thumb/v7-m/nofp/libc_nano.a(libc_a-memcpy.o)
                0x0000077c                memcpy
 .text          0x00000868       0xbc /usr/lib/gcc/arm-none-eabi/14.2.1/../../../arm-none-eabi/lib/thumb/v7-m/nofp/libc_nano.a(libc_a-freer.o)
                0x00000868                _free_r
 .text          0x00000924       0x64 /usr/lib/gcc/arm-none-eabi/14.2.1/../../../arm-none-eabi/lib/thumb/v7-m/nofp/libc_nano.a(libc_a-reallocr.o)
                0x00000924                _realloc_r
 .text          0x00000988      0x3a8 /usr/lib/gcc/arm-none-eabi/14.2.1/../../../arm-none-eabi/lib/thumb/v7-m/nofp/libc_nano.a(libc_a-nano-vfprintf_i.o)
                0x00000988                _printf_common
                0x00000aac                _printf_i
 .text          0x00000d30        0x8 /usr/lib/gcc/arm-none-eabi/14.2.1/../../../arm-none-eabi/lib/thumb/v7-m/nofp/libc_nano.a(libc_a-mlock.o)
                0x00000d30                __malloc_lock
                0x00000d34                __malloc_unlock
 .text          0x00000d38       0xfc /usr/lib/gcc/arm-none-eabi/14.2.1/../../../arm-none-eabi/lib/thumb/v7-m/nofp/libc_nano.a(libc_a-memmove.o)
                0x00000d38                memmove
 .text          0x00000e34       0x24 /usr/lib/gcc/arm-none-eabi/14.2.1/../../../arm-none-eabi/lib/thumb/v7-m/nofp/libc_nano.a(libc_a-sbrkr.o)
                0x00000e34                _sbrk_r
 .text          0x00000e58       0x10 /usr/lib/gcc/arm-none-eabi/14.2.1/../../../arm-none-eabi/lib/thumb/v7-m/nofp/libc_nano.a(libc_a-msizer.o)
                0x00000e58                _malloc_usable_size_r
 .text          0x00000e68       0x1c /usr/lib/gcc/arm-none-eabi/14.2.1/../../../arm-none-eabi/lib/thumb/v7-m/nofp/libnosys.a(sbrk.o)
                0x00000e68                _sbrk
 *(.rodata*)
 .rodata.vTaskStartScheduler.str1.1
                0x00000e84       0xac ./Output/tasks.o
                                  0x5 (size before relaxing)
 .rodata.uxTopUsedPriority
                0x00000f30        0x4 ./Output/tasks.o
 .rodata.xScheduleConfig
                0x00000f34        0xc ./Output/main.o
 .rodata.str1.1
                0x00000f40       0x12 ./Output/main.o
 .rodata.xTaskConfigs
                0x00000f40       0x48 ./Output/main.o
 .rodata.prvTraceDrainTask.str1.1
                0x00000f88       0x23 ./Output/trace_module.o
 .rodata.vTraceInit.str1.1
                0x00000f88        0xb ./Output/trace_module.o
 .rodata.str1.1
                0x00000f88       0x40 ./Output/trace_module.o
 .rodata.pcEventNames
                0x00000f88       0x18 ./Output/trace_module.o
 .rodata.prvGetRegistersFromStack.str1.1
                0x00000fa0       0x36 ./Output/startup.o
 .rodata.str1.4
                0x00000fa0       0x39 /usr/lib/gcc/arm-none-eabi/14.2.1/../../../arm-none-eabi/lib/thumb/v7-m/nofp/libc_nano.a(libc_a-nano-svfprintf.o)
                                 0x13 (size before relaxing)
 .rodata.str1.4
                0x00000fd9       0x25 /usr/lib/gcc/arm-none-eabi/14.2.1/../../../arm-none-eabi/lib/thumb/v7-m/nofp/libc_nano.a(libc_a-nano-vfprintf_i.o)
 *(.constdata*)
                0x00000fd9                        _etext = .
                0x00000fd9                        _sidata = .

.glue_7         0x00000fdc        0x0
 .glue_7        0x00000fdc        0x0 linker stubs

.glue_7t        0x00000fdc        0x0
 .glue_7t       0x00000fdc        0x0 linker stubs

.vfp11_veneer   0x00000fdc        0x0
 .vfp11_veneer  0x00000fdc        0x0 linker stubs

.v4_bx          0x00000fdc        0x0
 .v4_bx         0x00000fdc        0x0 linker stubs

.text.vListInitialise
                0x00000fda       0x16
 .text.vListInitialise
                0x00000fda       0x16 ./Output/list.o
                0x00000fda                vListInitialise

.text.vListInitialiseItem
                0x00000ff0        0x6
 .text.vListInitialiseItem
                0x00000ff0        0x6 ./Output/list.o
                0x00000ff0                vListInitialiseItem

.text.vListInsertEnd
                0x00000ff6       0x16
 .text.vListInsertEnd
                0x00000ff6       0x16 ./Output/list.o
                0x00000ff6                vListInsertEnd

.text.uxListRemove
                0x0000100c       0x1e
 .text.uxListRemove
                0x0000100c       0x1e ./Output/list.o
                0x0000100c                uxListRemove

.text.prvResetNextTaskUnblockTime
                0x0000102c       0x24
 .text.prvResetNextTaskUnblockTime
                0x0000102c       0x24 ./Output/tasks.o

.text.ulTaskGetRunTimeCounter.part.0
                0x00001050       0x12
 .text.ulTaskGetRunTimeCounter.part.0
                0x00001050       0x12 ./Output/tasks.o

.text.prvTimelineRemoveTaskFromReadyList.constprop.0
                0x00001064       0x40
 .text.prvTimelineRemoveTaskFromReadyList.constprop.0
                0x00001064       0x40 ./Output/tasks.o

.text.prvTimelineFrameReset
                0x000010a4       0x60
 .text.prvTimelineFrameReset
                0x000010a4       0x60 ./Output/tasks.o

.text.prvCheckTasksWaitingTermination
                0x00001104       0x48
 .text.prvCheckTasksWaitingTermination
                0x00001104       0x48 ./Output/tasks.o

.text.prvIdleTask
                0x0000114c       0x28
 .text.prvIdleTask
                0x0000114c       0x28 ./Output/tasks.o

.text.xTaskCreate
                0x00001174      0x200
 .text.xTaskCreate
                0x00001174      0x200 ./Output/tasks.o
                0x00001174                xTaskCreate

.text.vTaskStartScheduler
                0x00001374       0x90
 .text.vTaskStartScheduler
                0x00001374       0x90 ./Output/tasks.o
                0x00001374                vTaskStartScheduler

.text.vTaskSuspendAll
                0x00001404       0x10
 .text.vTaskSuspendAll
                0x00001404       0x10 ./Output/tasks.o
                0x00001404                vTaskSuspendAll

.text.pcTaskGetName
                0x00001414       0x24
 .text.pcTaskGetName
                0x00001414       0x24 ./Output/tasks.o
                0x00001414                pcTaskGetName

.text.vTaskSwitchContext
                0x00001438       0xb0
 .text.vTaskSwitchContext
                0x00001438       0xb0 ./Output/tasks.o
                0x00001438                vTaskSwitchContext

.text.vTaskSuspend
                0x000014e8       0xec
 .text.vTaskSuspend
                0x000014e8       0xec ./Output/tasks.o
                0x000014e8                vTaskSuspend

.text.vTimelineTaskCompleted
                0x000015d4       0x4c
 .text.vTimelineTaskCompleted
                0x000015d4       0x4c ./Output/tasks.o
                0x000015d4                vTimelineTaskCompleted

.text.prvTimelineShimTask
                0x00001620       0x20
 .text.prvTimelineShimTask
                0x00001620       0x20 ./Output/tasks.o

.text.vConfigureScheduler
                0x00001640      0x1d4
 .text.vConfigureScheduler
                0x00001640      0x1d4 ./Output/tasks.o
                0x00001640                vConfigureScheduler

.text.xTimelineTickHandler
                0x00001814      0x1bc
 .text.xTimelineTickHandler
                0x00001814      0x1bc ./Output/tasks.o
                0x00001814                xTimelineTickHandler

.text.xTaskIncrementTick
                0x000019d0      0x168
 .text.xTaskIncrementTick
                0x000019d0      0x168 ./Output/tasks.o
                0x000019d0                xTaskIncrementTick

.text.xTaskResumeAll
                0x00001b38      0x160
 .text.xTaskResumeAll
                0x00001b38      0x160 ./Output/tasks.o
                0x00001b38                xTaskResumeAll

.text.xTraceGetHandle
                0x00001c98       0x18
 .text.xTraceGetHandle
                0x00001c98       0x18 ./Output/tasks.o
                0x00001c98                xTraceGetHandle

.iplt           0x00001cb0        0x0
 .iplt          0x00001cb0        0x0 ./Output/tasks.o

.text.pvPortMalloc
                0x00001cb0      0x194
 .text.pvPortMalloc
                0x00001cb0      0x194 ./Output/heap_4.o
                0x00001cb0                pvPortMalloc

.text.vPortFree
                0x00001e44       0xfc
 .text.vPortFree
                0x00001e44       0xfc ./Output/heap_4.o
                0x00001e44                vPortFree

.text.SVC_Handler
                0x00001f40       0x24
 .text.SVC_Handler
                0x00001f40       0x24 ./Output/port.o
                0x00001f40                SVC_Handler

.text.prvPortStartFirstTask
                0x00001f64       0x20
 .text.prvPortStartFirstTask
                0x00001f64       0x20 ./Output/port.o

.text.PendSV_Handler
                0x00001f84       0x44
 .text.PendSV_Handler
                0x00001f84       0x44 ./Output/port.o
                0x00001f84                PendSV_Handler

.text.prvTaskExitError
                0x00001fc8       0x40
 .text.prvTaskExitError
                0x00001fc8       0x40 ./Output/port.o

.text.pxPortInitialiseStack
                0x00002008       0x24
 .text.pxPortInitialiseStack
                0x00002008       0x24 ./Output/port.o
                0x00002008                pxPortInitialiseStack

.text.vPortEnterCritical
                0x0000202c       0x40
 .text.vPortEnterCritical
                0x0000202c       0x40 ./Output/port.o
                0x0000202c                vPortEnterCritical

.text.vPortExitCritical
                0x0000206c       0x28
 .text.vPortExitCritical
                0x0000206c       0x28 ./Output/port.o
                0x0000206c                vPortExitCritical

.text.SysTick_Handler
                0x00002094       0x2c
 .text.SysTick_Handler
                0x00002094       0x2c ./Output/port.o
                0x00002094                SysTick_Handler

.text.vPortSetupTimerInterrupt
                0x000020c0       0x16
 .text.vPortSetupTimerInterrupt
                0x000020c0       0x16 ./Output/port.o
                0x000020c0                vPortSetupTimerInterrupt

.text.xPortStartScheduler
                0x000020d8      0x128
 .text.xPortStartScheduler
                0x000020d8      0x128 ./Output/port.o
                0x000020d8                xPortStartScheduler

.text.vTask_A_Function
                0x00002200        0x2
 .text.vTask_A_Function
                0x00002200        0x2 ./Output/main.o
                0x00002200                vTask_A_Function

.text.vTask_B_Function
                0x00002202        0x2
 .text.vTask_B_Function
                0x00002202        0x2 ./Output/main.o
                0x00002202                vTask_B_Function

.text.vTask_X_Function
                0x00002204        0x2
 .text.vTask_X_Function
                0x00002204        0x2 ./Output/main.o
                0x00002204                vTask_X_Function

.text.startup.main
                0x00002208       0x1c
 .text.startup.main
                0x00002208       0x1c ./Output/main.o
                0x00002208                main

.text.UART_init
                0x00002224        0xe
 .text.UART_init
                0x00002224        0xe ./Output/uart.o
                0x00002224                UART_init

.text.UART_printf
                0x00002232       0x12
 .text.UART_printf
                0x00002232       0x12 ./Output/uart.o
                0x00002232                UART_printf

.text.prvTraceDrainTask
                0x00002244       0x94
 .text.prvTraceDrainTask
                0x00002244       0x94 ./Output/trace_module.o

.text.vTraceRecord
                0x000022d8       0x48
 .text.vTraceRecord
                0x000022d8       0x48 ./Output/trace_module.o
                0x000022d8                vTraceRecord

.text.vTraceInit
                0x00002320       0x4c
 .text.vTraceInit
                0x00002320       0x4c ./Output/trace_module.o
                0x00002320                vTraceInit

.text.Default_Handler
                0x00002400        0xc
 .text.Default_Handler
                0x00002400        0xc ./Output/startup.o

.text.HardFault_Handler
                0x00002500       0x18
 .text.HardFault_Handler
                0x00002500       0x18 ./Output/startup.o

.text.Reset_Handler
                0x00002518        0x4
 .text.Reset_Handler
                0x00002518        0x4 ./Output/startup.o
                0x00002518                Reset_Handler

.text.prvGetRegistersFromStack
                0x0000251c       0x60
 .text.prvGetRegistersFromStack
                0x0000251c       0x60 ./Output/startup.o
                0x0000251c                prvGetRegistersFromStack

.rel.dyn        0x0000257c        0x0
 .rel.iplt      0x0000257c        0x0 ./Output/tasks.o

.ARM.exidx      0x0000257c        0x8
 .ARM.exidx     0x0000257c        0x8 /usr/lib/gcc/arm-none-eabi/14.2.1/../../../arm-none-eabi/lib/thumb/v7-m/nofp/libc_nano.a(libc_a-memcpy.o)

.data           0x20000000       0x50
                0x20000000                        . = ALIGN (0x8)
                0x20000000                        _data = .
                0x20000000                        _sdata = .
 *(vtable)
 *(.data)
 .data          0x20000000       0x50 /usr/lib/gcc/arm-none-eabi/14.2.1/../../../arm-none-eabi/lib/thumb/v7-m/nofp/libc_nano.a(libc_a-impure.o)
                0x20000000                _impure_ptr
                0x20000004                _impure_data
                0x20000050                        _edata = .

.igot.plt       0x20000050        0x0
 .igot.plt      0x20000050        0x0 ./Output/tasks.o

.data.uxCriticalNesting
                0x20000050        0x4
 .data.uxCriticalNesting
                0x20000050        0x4 ./Output/port.o

.bss            0x20000054       0x14
                0x20000058                        . = ALIGN (0x8)
 *fill*         0x20000054        0x4 
                0x20000058                        _bss = .
                0x20000058                        _sbss = .
 *(.bss)
 .bss           0x20000058        0x8 /usr/lib/gcc/arm-none-eabi/14.2.1/../../../arm-none-eabi/lib/thumb/v7-m/nofp/libc_nano.a(libc_a-mallocr.o)
                0x20000058                __malloc_sbrk_start
                0x2000005c                __malloc_free_list
 .bss           0x20000060        0x4 /usr/lib/gcc/arm-none-eabi/14.2.1/../../../arm-none-eabi/lib/thumb/v7-m/nofp/libc_nano.a(libc_a-reent.o)
                0x20000060                errno
 .bss           0x20000064        0x4 /usr/lib/gcc/arm-none-eabi/14.2.1/../../../arm-none-eabi/lib/thumb/v7-m/nofp/libnosys.a(sbrk.o)
                0x20000068                        _ebss = .

.bss.xSchedulerReady
                0x20000068        0x4
 .bss.xSchedulerReady
                0x20000068        0x4 ./Output/tasks.o

.bss.xFrameBaseTick
                0x2000006c        0x4
 .bss.xFrameBaseTick
                0x2000006c        0x4 ./Output/tasks.o

.bss.uxFrameCount
                0x20000070        0x4
 .bss.uxFrameCount
                0x20000070        0x4 ./Output/tasks.o

.bss.xSchedule  0x20000074       0x94
 .bss.xSchedule
                0x20000074       0x94 ./Output/tasks.o

.bss.ulTotalRunTime
                0x20000108        0x4
 .bss.ulTotalRunTime
                0x20000108        0x4 ./Output/tasks.o

.bss.ulTaskSwitchedInTime
                0x2000010c        0x4
 .bss.ulTaskSwitchedInTime
                0x2000010c        0x4 ./Output/tasks.o

.bss.uxSchedulerSuspended
                0x20000110        0x4
 .bss.uxSchedulerSuspended
                0x20000110        0x4 ./Output/tasks.o

.bss.xIdleTaskHandles
                0x20000114        0x4
 .bss.xIdleTaskHandles
                0x20000114        0x4 ./Output/tasks.o

.bss.xNextTaskUnblockTime
                0x20000118        0x4
 .bss.xNextTaskUnblockTime
                0x20000118        0x4 ./Output/tasks.o

.bss.uxTaskNumber
                0x2000011c        0x4
 .bss.uxTaskNumber
                0x2000011c        0x4 ./Output/tasks.o

.bss.xNumOfOverflows
                0x20000120        0x4
 .bss.xNumOfOverflows
                0x20000120        0x4 ./Output/tasks.o

.bss.xYieldPendings
                0x20000124        0x4
 .bss.xYieldPendings
                0x20000124        0x4 ./Output/tasks.o

.bss.xPendedTicks
                0x20000128        0x4
 .bss.xPendedTicks
                0x20000128        0x4 ./Output/tasks.o

.bss.xSchedulerRunning
                0x2000012c        0x4
 .bss.xSchedulerRunning
                0x2000012c        0x4 ./Output/tasks.o

.bss.uxTopReadyPriority
                0x20000130        0x4
 .bss.uxTopReadyPriority
                0x20000130        0x4 ./Output/tasks.o

.bss.xTickCount
                0x20000134        0x4
 .bss.xTickCount
                0x20000134        0x4 ./Output/tasks.o

.bss.uxCurrentNumberOfTasks
                0x20000138        0x4
 .bss.uxCurrentNumberOfTasks
                0x20000138        0x4 ./Output/tasks.o

.bss.xSuspendedTaskList
                0x2000013c       0x14
 .bss.xSuspendedTaskList
                0x2000013c       0x14 ./Output/tasks.o

.bss.uxDeletedTasksWaitingCleanUp
                0x20000150        0x4
 .bss.uxDeletedTasksWaitingCleanUp
                0x20000150        0x4 ./Output/tasks.o

.bss.xTasksWaitingTermination
                0x20000154       0x14
 .bss.xTasksWaitingTermination
                0x20000154       0x14 ./Output/tasks.o

.bss.xPendingReadyList
                0x20000168       0x14
 .bss.xPendingReadyList
                0x20000168       0x14 ./Output/tasks.o

.bss.pxOverflowDelayedTaskList
                0x2000017c        0x4
 .bss.pxOverflowDelayedTaskList
                0x2000017c        0x4 ./Output/tasks.o

.bss.pxDelayedTaskList
                0x20000180        0x4
 .bss.pxDelayedTaskList
                0x20000180        0x4 ./Output/tasks.o

.bss.xDelayedTaskList2
                0x20000184       0x14
 .bss.xDelayedTaskList2
                0x20000184       0x14 ./Output/tasks.o

.bss.xDelayedTaskList1
                0x20000198       0x14
 .bss.xDelayedTaskList1
                0x20000198       0x14 ./Output/tasks.o

.bss.pxReadyTasksLists
                0x200001ac       0x64
 .bss.pxReadyTasksLists
                0x200001ac       0x64 ./Output/tasks.o

.bss.pxCurrentTCB
                0x20000210        0x4
 .bss.pxCurrentTCB
                0x20000210        0x4 ./Output/tasks.o
                0x20000210                pxCurrentTCB

.bss.xNumberOfSuccessfulFrees
                0x20000214        0x4
 .bss.xNumberOfSuccessfulFrees
                0x20000214        0x4 ./Output/heap_4.o

.bss.xNumberOfSuccessfulAllocations
                0x20000218        0x4
 .bss.xNumberOfSuccessfulAllocations
                0x20000218        0x4 ./Output/heap_4.o

.bss.xMinimumEverFreeBytesRemaining
                0x2000021c        0x4
 .bss.xMinimumEverFreeBytesRemaining
                0x2000021c        0x4 ./Output/heap_4.o

.bss.xFreeBytesRemaining
                0x20000220        0x4
 .bss.xFreeBytesRemaining
                0x20000220        0x4 ./Output/heap_4.o

.bss.pxEnd      0x20000224        0x4
 .bss.pxEnd     0x20000224        0x4 ./Output/heap_4.o

.bss.xStart     0x20000228        0x8
 .bss.xStart    0x20000228        0x8 ./Output/heap_4.o

.bss.ucHeap     0x20000230     0x8000
 .bss.ucHeap    0x20000230     0x8000 ./Output/heap_4.o

.bss.ulMaxPRIGROUPValue
                0x20008230        0x4
 .bss.ulMaxPRIGROUPValue
                0x20008230        0x4 ./Output/port.o

.bss.ucMaxSysCallPriority
                0x20008234        0x1
 .bss.ucMaxSysCallPriority
                0x20008234        0x1 ./Output/port.o

.bss.uxTraceTail
                0x20008238        0x4
 .bss.uxTraceTail
                0x20008238        0x4 ./Output/trace_module.o

.bss.uxTraceHead
                0x2000823c        0x4
 .bss.uxTraceHead
                0x2000823c        0x4 ./Output/trace_module.o

.bss.xTraceBuffer
                0x20008240      0x600
 .bss.xTraceBuffer
                0x20008240      0x600 ./Output/trace_module.o

.bss.psr        0x20008840        0x4
 .bss.psr       0x20008840        0x4 ./Output/startup.o
                0x20008840                psr

.bss.pc         0x20008844        0x4
 .bss.pc        0x20008844        0x4 ./Output/startup.o
                0x20008844                pc

.bss.lr         0x20008848        0x4
 .bss.lr        0x20008848        0x4 ./Output/startup.o
                0x20008848                lr

.bss.r12        0x2000884c        0x4
 .bss.r12       0x2000884c        0x4 ./Output/startup.o
                0x2000884c                r12

.bss.r3         0x20008850        0x4
 .bss.r3        0x20008850        0x4 ./Output/startup.o
                0x20008850                r3

.bss.r2         0x20008854        0x4
 .bss.r2        0x20008854        0x4 ./Output/startup.o
                0x20008854                r2

.bss.r1         0x20008858        0x4
 .bss.r1        0x20008858        0x4 ./Output/startup.o
                0x20008858                r1

.bss.r0         0x2000885c        0x4
 .bss.r0        0x2000885c        0x4 ./Output/startup.o
                0x2000885c                r0

.heap           0x20008860      0x408
                0x20008860                        . = ALIGN (0x8)
                0x20008860                        PROVIDE (end = .)
                [!provide]                        PROVIDE (_end = .)
                0x20008860                        _heap_bottom = .
                0x20008868                        . = (. + _Min_Heap_Size)
 *fill*         0x20008860        0x8 
                0x20008868                        _heap_top = .
                0x20008c68                        . = (. + _Min_Stack_Size)
 *fill*         0x20008868      0x400 
                0x20008c68                        . = ALIGN (0x8)
                0x20400000                        __StackTop = (ORIGIN (RAM) + LENGTH (RAM))
                0x203ffc00                        __StackLimit = (__StackTop - _Min_Stack_Size)
                [!provide]                        PROVIDE (__stack = __StackTop)
                0x00000001                        ASSERT ((__StackLimit >= _heap_top), region RAM overflowed with stack)
OUTPUT(./Output/demo.elf elf32-littlearm)
LOAD linker stubs

.debug_info     0x00000000     0xc8c4
 .debug_info    0x00000000      0x2b2 ./Output/list.o
 .debug_info    0x000002b2     0x429d ./Output/tasks.o
 .debug_info    0x0000454f      0x726 ./Output/heap_4.o
 .debug_info    0x00004c75      0x5b7 ./Output/port.o
 .debug_info    0x0000522c      0x2fc ./Output/main.o
 .debug_info    0x00005528       0xd1 ./Output/uart.o
 .debug_info    0x000055f9      0x47a ./Output/trace_module.o
 .debug_info    0x00005a73      0x1fb ./Output/startup.o
 .debug_info    0x00005c6e      0x87b /usr/lib/gcc/arm-none-eabi/14.2.1/../../../arm-none-eabi/lib/thumb/v7-m/nofp/libc_nano.a(libc_a-sprintf.o)
 .debug_info    0x000064e9     0x1094 /usr/lib/gcc/arm-none-eabi/14.2.1/../../../arm-none-eabi/lib/thumb/v7-m/nofp/libc_nano.a(libc_a-nano-svfprintf.o)
 .debug_info    0x0000757d      0x14a /usr/lib/gcc/arm-none-eabi/14.2.1/../../../arm-none-eabi/lib/thumb/v7-m/nofp/libc_nano.a(libc_a-memchr-stub.o)
 .debug_info    0x000076c7      0x135 /usr/lib/gcc/arm-none-eabi/14.2.1/../../../arm-none-eabi/lib/thumb/v7-m/nofp/libc_nano.a(libc_a-memset.o)
 .debug_info    0x000077fc      0x9b6 /usr/lib/gcc/arm-none-eabi/14.2.1/../../../arm-none-eabi/lib/thumb/v7-m/nofp/libc_nano.a(libc_a-mallocr.o)
 .debug_info    0x000081b2       0x33 /usr/lib/gcc/arm-none-eabi/14.2.1/../../../arm-none-eabi/lib/thumb/v7-m/nofp/libc_nano.a(libc_a-memcpy.o)
 .debug_info    0x000081e5      0x87f /usr/lib/gcc/arm-none-eabi/14.2.1/../../../arm-none-eabi/lib/thumb/v7-m/nofp/libc_nano.a(libc_a-freer.o)
 .debug_info    0x00008a64      0x70b /usr/lib/gcc/arm-none-eabi/14.2.1/../../../arm-none-eabi/lib/thumb/v7-m/nofp/libc_nano.a(libc_a-impure.o)
 .debug_info    0x0000916f      0x8cd /usr/lib/gcc/arm-none-eabi/14.2.1/../../../arm-none-eabi/lib/thumb/v7-m/nofp/libc_nano.a(libc_a-reallocr.o)
 .debug_info    0x00009a3c      0xdd7 /usr/lib/gcc/arm-none-eabi/14.2.1/../../../arm-none-eabi/lib/thumb/v7-m/nofp/libc_nano.a(libc_a-nano-vfprintf_i.o)
 .debug_info    0x0000a813      0x71c /usr/lib/gcc/arm-none-eabi/14.2.1/../../../arm-none-eabi/lib/thumb/v7-m/nofp/libc_nano.a(libc_a-mlock.o)
 .debug_info    0x0000af2f      0x148 /usr/lib/gcc/arm-none-eabi/14.2.1/../../../arm-none-eabi/lib/thumb/v7-m/nofp/libc_nano.a(libc_a-memmove.o)
 .debug_info    0x0000b077      0x778 /usr/lib/gcc/arm-none-eabi/14.2.1/../../../arm-none-eabi/lib/thumb/v7-m/nofp/libc_nano.a(libc_a-sbrkr.o)
 .debug_info    0x0000b7ef      0x78a /usr/lib/gcc/arm-none-eabi/14.2.1/../../../arm-none-eabi/lib/thumb/v7-m/nofp/libc_nano.a(libc_a-msizer.o)
 .debug_info    0x0000bf79      0x89f /usr/lib/gcc/arm-none-eabi/14.2.1/../../../arm-none-eabi/lib/thumb/v7-m/nofp/libc_nano.a(libc_a-reent.o)
 .debug_info    0x0000c818       0xac /usr/lib/gcc/arm-none-eabi/14.2.1/../../../arm-none-eabi/lib/thumb/v7-m/nofp/libnosys.a(sbrk.o)

.debug_abbrev   0x00000000     0x2c59
 .debug_abbrev  0x00000000      0x105 ./Output/list.o
 .debug_abbrev  0x00000105      0x5f2 ./Output/tasks.o
 .debug_abbrev  0x000006f7      0x32b ./Output/heap_4.o
 .debug_abbrev  0x00000a22      0x2b0 ./Output/port.o
 .debug_abbrev  0x00000cd2      0x1ca ./Output/main.o
 .debug_abbrev  0x00000e9c       0x93 ./Output/uart.o
 .debug_abbrev  0x00000f2f      0x214 ./Output/trace_module.o
 .debug_abbrev  0x00001143      0x165 ./Output/startup.o
 .debug_abbrev  0x000012a8      0x21c /usr/lib/gcc/arm-none-eabi/14.2.1/../../../arm-none-eabi/lib/thumb/v7-m/nofp/libc_nano.a(libc_a-sprintf.o)
 .debug_abbrev  0x000014c4      0x32f /usr/lib/gcc/arm-none-eabi/14.2.1/../../../arm-none-eabi/lib/thumb/v7-m/nofp/libc_nano.a(libc_a-nano-svfprintf.o)
 .debug_abbrev  0x000017f3       0xc7 /usr/lib/gcc/arm-none-eabi/14.2.1/../../../arm-none-eabi/lib/thumb/v7-m/nofp/libc_nano.a(libc_a-memchr-stub.o)
 .debug_abbrev  0x000018ba       0xb7 /usr/lib/gcc/arm-none-eabi/14.2.1/../../../arm-none-eabi/lib/thumb/v7-m/nofp/libc_nano.a(libc_a-memset.o)
 .debug_abbrev  0x00001971      0x24a /usr/lib/gcc/arm-none-eabi/14.2.1/../../../arm-none-eabi/lib/thumb/v7-m/nofp/libc_nano.a(libc_a-mallocr.o)
 .debug_abbrev  0x00001bbb       0x28 /usr/lib/gcc/arm-none-eabi/14.2.1/../../../arm-none-eabi/lib/thumb/v7-m/nofp/libc_nano.a(libc_a-memcpy.o)
 .debug_abbrev  0x00001be3      0x249 /usr/lib/gcc/arm-none-eabi/14.2.1/../../../arm-none-eabi/lib/thumb/v7-m/nofp/libc_nano.a(libc_a-freer.o)
 .debug_abbrev  0x00001e2c      0x149 /usr/lib/gcc/arm-none-eabi/14.2.1/../../../arm-none-eabi/lib/thumb/v7-m/nofp/libc_nano.a(libc_a-impure.o)
 .debug_abbrev  0x00001f75      0x20c /usr/lib/gcc/arm-none-eabi/14.2.1/../../../arm-none-eabi/lib/thumb/v7-m/nofp/libc_nano.a(libc_a-reallocr.o)
 .debug_abbrev  0x00002181      0x284 /usr/lib/gcc/arm-none-eabi/14.2.1/../../../arm-none-eabi/lib/thumb/v7-m/nofp/libc_nano.a(libc_a-nano-vfprintf_i.o)
 .debug_abbrev  0x00002405      0x192 /usr/lib/gcc/arm-none-eabi/14.2.1/../../../arm-none-eabi/lib/thumb/v7-m/nofp/libc_nano.a(libc_a-mlock.o)
 .debug_abbrev  0x00002597       0xc3 /usr/lib/gcc/arm-none-eabi/14.2.1/../../../arm-none-eabi/lib/thumb/v7-m/nofp/libc_nano.a(libc_a-memmove.o)
 .debug_abbrev  0x0000265a      0x1da /usr/lib/gcc/arm-none-eabi/14.2.1/../../../arm-none-eabi/lib/thumb/v7-m/nofp/libc_nano.a(libc_a-sbrkr.o)
 .debug_abbrev  0x00002834      0x196 /usr/lib/gcc/arm-none-eabi/14.2.1/../../../arm-none-eabi/lib/thumb/v7-m/nofp/libc_nano.a(libc_a-msizer.o)
 .debug_abbrev  0x000029ca      0x1ee /usr/lib/gcc/arm-none-eabi/14.2.1/../../../arm-none-eabi/lib/thumb/v7-m/nofp/libc_nano.a(libc_a-reent.o)
 .debug_abbrev  0x00002bb8       0xa1 /usr/lib/gcc/arm-none-eabi/14.2.1/../../../arm-none-eabi/lib/thumb/v7-m/nofp/libnosys.a(sbrk.o)

.debug_loclists
                0x00000000     0x39df
 .debug_loclists
                0x00000000       0x77 ./Output/list.o
 .debug_loclists
                0x00000077     0x1de5 ./Output/tasks.o
 .debug_loclists
                0x00001e5c      0x3a6 ./Output/heap_4.o
 .debug_loclists
                0x00002202       0xc4 ./Output/port.o
 .debug_loclists
                0x000022c6       0x46 ./Output/main.o
 .debug_loclists
                0x0000230c       0x29 ./Output/uart.o
 .debug_loclists
                0x00002335      0x107 ./Output/trace_module.o
 .debug_loclists
                0x0000243c       0x29 ./Output/startup.o
 .debug_loclists
                0x00002465       0x74 /usr/lib/gcc/arm-none-eabi/14.2.1/../../../arm-none-eabi/lib/thumb/v7-m/nofp/libc_nano.a(libc_a-sprintf.o)
 .debug_loclists
                0x000024d9      0x531 /usr/lib/gcc/arm-none-eabi/14.2.1/../../../arm-none-eabi/lib/thumb/v7-m/nofp/libc_nano.a(libc_a-nano-svfprintf.o)
 .debug_loclists
                0x00002a0a      0x172 /usr/lib/gcc/arm-none-eabi/14.2.1/../../../arm-none-eabi/lib/thumb/v7-m/nofp/libc_nano.a(libc_a-memchr-stub.o)
 .debug_loclists
                0x00002b7c      0x1d7 /usr/lib/gcc/arm-none-eabi/14.2.1/../../../arm-none-eabi/lib/thumb/v7-m/nofp/libc_nano.a(libc_a-memset.o)
 .debug_loclists
                0x00002d53      0x273 /usr/lib/gcc/arm-none-eabi/14.2.1/../../../arm-none-eabi/lib/thumb/v7-m/nofp/libc_nano.a(libc_a-mallocr.o)
 .debug_loclists
                0x00002fc6      0x164 /usr/lib/gcc/arm-none-eabi/14.2.1/../../../arm-none-eabi/lib/thumb/v7-m/nofp/libc_nano.a(libc_a-freer.o)
 .debug_loclists
                0x0000312a      0x102 /usr/lib/gcc/arm-none-eabi/14.2.1/../../../arm-none-eabi/lib/thumb/v7-m/nofp/libc_nano.a(libc_a-reallocr.o)
 .debug_loclists
                0x0000322c      0x444 /usr/lib/gcc/arm-none-eabi/14.2.1/../../../arm-none-eabi/lib/thumb/v7-m/nofp/libc_nano.a(libc_a-nano-vfprintf_i.o)
 .debug_loclists
                0x00003670      0x21b /usr/lib/gcc/arm-none-eabi/14.2.1/../../../arm-none-eabi/lib/thumb/v7-m/nofp/libc_nano.a(libc_a-memmove.o)
 .debug_loclists
                0x0000388b       0x4b /usr/lib/gcc/arm-none-eabi/14.2.1/../../../arm-none-eabi/lib/thumb/v7-m/nofp/libc_nano.a(libc_a-sbrkr.o)
 .debug_loclists
                0x000038d6       0x59 /usr/lib/gcc/arm-none-eabi/14.2.1/../../../arm-none-eabi/lib/thumb/v7-m/nofp/libc_nano.a(libc_a-msizer.o)
 .debug_loclists
                0x0000392f       0x80 /usr/lib/gcc/arm-none-eabi/14.2.1/../../../arm-none-eabi/lib/thumb/v7-m/nofp/libc_nano.a(libc_a-reent.o)
 .debug_loclists
                0x000039af       0x30 /usr/lib/gcc/arm-none-eabi/14.2.1/../../../arm-none-eabi/lib/thumb/v7-m/nofp/libnosys.a(sbrk.o)

.debug_aranges  0x00000000      0x5f0
 .debug_aranges
                0x00000000       0x40 ./Output/list.o
 .debug_aranges
                0x00000040      0x210 ./Output/tasks.o
 .debug_aranges
                0x00000250       0x60 ./Output/heap_4.o
 .debug_aranges
                0x000002b0       0x78 ./Output/port.o
 .debug_aranges
                0x00000328       0x40 ./Output/main.o
 .debug_aranges
                0x00000368       0x28 ./Output/uart.o
 .debug_aranges
                0x00000390       0x30 ./Output/trace_module.o
 .debug_aranges
                0x000003c0       0x38 ./Output/startup.o
 .debug_aranges
                0x000003f8       0x20 /usr/lib/gcc/arm-none-eabi/14.2.1/../../../arm-none-eabi/lib/thumb/v7-m/nofp/libc_nano.a(libc_a-sprintf.o)
 .debug_aranges
                0x00000418       0x20 /usr/lib/gcc/arm-none-eabi/14.2.1/../../../arm-none-eabi/lib/thumb/v7-m/nofp/libc_nano.a(libc_a-nano-svfprintf.o)
 .debug_aranges
                0x00000438       0x20 /usr/lib/gcc/arm-none-eabi/14.2.1/../../../arm-none-eabi/lib/thumb/v7-m/nofp/libc_nano.a(libc_a-memchr-stub.o)
 .debug_aranges
                0x00000458       0x20 /usr/lib/gcc/arm-none-eabi/14.2.1/../../../arm-none-eabi/lib/thumb/v7-m/nofp/libc_nano.a(libc_a-memset.o)
 .debug_aranges
                0x00000478       0x20 /usr/lib/gcc/arm-none-eabi/14.2.1/../../../arm-none-eabi/lib/thumb/v7-m/nofp/libc_nano.a(libc_a-mallocr.o)
 .debug_aranges
                0x00000498       0x20 /usr/lib/gcc/arm-none-eabi/14.2.1/../../../arm-none-eabi/lib/thumb/v7-m/nofp/libc_nano.a(libc_a-memcpy.o)
 .debug_aranges
                0x000004b8       0x20 /usr/lib/gcc/arm-none-eabi/14.2.1/../../../arm-none-eabi/lib/thumb/v7-m/nofp/libc_nano.a(libc_a-freer.o)
 .debug_aranges
                0x000004d8       0x18 /usr/lib/gcc/arm-none-eabi/14.2.1/../../../arm-none-eabi/lib/thumb/v7-m/nofp/libc_nano.a(libc_a-impure.o)
 .debug_aranges
                0x000004f0       0x20 /usr/lib/gcc/arm-none-eabi/14.2.1/../../../arm-none-eabi/lib/thumb/v7-m/nofp/libc_nano.a(libc_a-reallocr.o)
 .debug_aranges
                0x00000510       0x20 /usr/lib/gcc/arm-none-eabi/14.2.1/../../../arm-none-eabi/lib/thumb/v7-m/nofp/libc_nano.a(libc_a-nano-vfprintf_i.o)
 .debug_aranges
                0x00000530       0x20 /usr/lib/gcc/arm-none-eabi/14.2.1/../../../arm-none-eabi/lib/thumb/v7-m/nofp/libc_nano.a(libc_a-mlock.o)
 .debug_aranges
                0x00000550       0x20 /usr/lib/gcc/arm-none-eabi/14.2.1/../../../arm-none-eabi/lib/thumb/v7-m/nofp/libc_nano.a(libc_a-memmove.o)
 .debug_aranges
                0x00000570       0x20 /usr/lib/gcc/arm-none-eabi/14.2.1/../../../arm-none-eabi/lib/thumb/v7-m/nofp/libc_nano.a(libc_a-sbrkr.o)
 .debug_aranges
                0x00000590       0x20 /usr/lib/gcc/arm-none-eabi/14.2.1/../../../arm-none-eabi/lib/thumb/v7-m/nofp/libc_nano.a(libc_a-msizer.o)
 .debug_aranges
                0x000005b0       0x20 /usr/lib/gcc/arm-none-eabi/14.2.1/../../../arm-none-eabi/lib/thumb/v7-m/nofp/libc_nano.a(libc_a-reent.o)
 .debug_aranges
                0x000005d0       0x20 /usr/lib/gcc/arm-none-eabi/14.2.1/../../../arm-none-eabi/lib/thumb/v7-m/nofp/libnosys.a(sbrk.o)

.debug_rnglists
                0x00000000      0x670
 .debug_rnglists
                0x00000000       0x2b ./Output/list.o
 .debug_rnglists
                0x0000002b      0x409 ./Output/tasks.o
 .debug_rnglists
                0x00000434       0x52 ./Output/heap_4.o
 .debug_rnglists
                0x00000486       0x6e ./Output/port.o
 .debug_rnglists
                0x000004f4       0x2b ./Output/main.o
 .debug_rnglists
                0x0000051f       0x19 ./Output/uart.o
 .debug_rnglists
                0x00000538       0x39 ./Output/trace_module.o
 .debug_rnglists
                0x00000571       0x25 ./Output/startup.o
 .debug_rnglists
                0x00000596       0x42 /usr/lib/gcc/arm-none-eabi/14.2.1/../../../arm-none-eabi/lib/thumb/v7-m/nofp/libc_nano.a(libc_a-nano-svfprintf.o)
 .debug_rnglists
                0x000005d8       0x1f /usr/lib/gcc/arm-none-eabi/14.2.1/../../../arm-none-eabi/lib/thumb/v7-m/nofp/libc_nano.a(libc_a-mallocr.o)
 .debug_rnglists
                0x000005f7       0x13 /usr/lib/gcc/arm-none-eabi/14.2.1/../../../arm-none-eabi/lib/thumb/v7-m/nofp/libc_nano.a(libc_a-freer.o)
 .debug_rnglists
                0x0000060a       0x66 /usr/lib/gcc/arm-none-eabi/14.2.1/../../../arm-none-eabi/lib/thumb/v7-m/nofp/libc_nano.a(libc_a-nano-vfprintf_i.o)

.debug_macro    0x00000000     0x41a5
 .debug_macro   0x00000000      0x171 ./Output/list.o
 .debug_macro   0x00000171      0xac0 ./Output/list.o
 .debug_macro   0x00000c31       0x24 ./Output/list.o
 .debug_macro   0x00000c55       0x22 ./Output/list.o
 .debug_macro   0x00000c77       0x60 ./Output/list.o
 .debug_macro   0x00000cd7       0x94 ./Output/list.o
 .debug_macro   0x00000d6b       0x3c ./Output/list.o
 .debug_macro   0x00000da7       0x34 ./Output/list.o
 .debug_macro   0x00000ddb       0x16 ./Output/list.o
 .debug_macro   0x00000df1      0x11c ./Output/list.o
 .debug_macro   0x00000f0d       0x9b ./Output/list.o
 .debug_macro   0x00000fa8       0x57 ./Output/list.o
 .debug_macro   0x00000fff      0x364 ./Output/list.o
 .debug_macro   0x00001363       0x16 ./Output/list.o
 .debug_macro   0x00001379       0x4a ./Output/list.o
 .debug_macro   0x000013c3       0x34 ./Output/list.o
 .debug_macro   0x000013f7       0x10 ./Output/list.o
 .debug_macro   0x00001407       0x52 ./Output/list.o
 .debug_macro   0x00001459      0x1e5 ./Output/list.o
 .debug_macro   0x0000163e       0x16 ./Output/list.o
 .debug_macro   0x00001654       0x29 ./Output/list.o
 .debug_macro   0x0000167d      0x34e ./Output/list.o
 .debug_macro   0x000019cb       0x16 ./Output/list.o
 .debug_macro   0x000019e1      0x1b7 ./Output/list.o
 .debug_macro   0x00001b98       0x28 ./Output/list.o
 .debug_macro   0x00001bc0      0x182 ./Output/list.o
 .debug_macro   0x00001d42       0xee ./Output/list.o
 .debug_macro   0x00001e30       0x3a ./Output/list.o
 .debug_macro   0x00001e6a       0x1f ./Output/list.o
 .debug_macro   0x00001e89       0x12 ./Output/list.o
 .debug_macro   0x00001e9b     0x1080 ./Output/list.o
 .debug_macro   0x00002f1b       0xc3 ./Output/list.o
 .debug_macro   0x00002fde      0x2b5 ./Output/tasks.o
 .debug_macro   0x00003293       0x16 ./Output/tasks.o
 .debug_macro   0x000032a9       0x3c ./Output/tasks.o
 .debug_macro   0x000032e5      0x161 ./Output/tasks.o
 .debug_macro   0x00003446       0x98 ./Output/tasks.o
 .debug_macro   0x000034de       0x17 ./Output/tasks.o
 .debug_macro   0x000034f5       0x28 ./Output/tasks.o
 .debug_macro   0x0000351d       0x28 ./Output/tasks.o
 .debug_macro   0x00003545      0x201 ./Output/heap_4.o
 .debug_macro   0x00003746      0x162 ./Output/port.o
 .debug_macro   0x000038a8      0x190 ./Output/port.o
 .debug_macro   0x00003a38       0xbf ./Output/main.o
 .debug_macro   0x00003af7       0x16 ./Output/main.o
 .debug_macro   0x00003b0d       0x8d ./Output/uart.o
 .debug_macro   0x00003b9a       0x22 ./Output/uart.o
 .debug_macro   0x00003bbc      0x1da ./Output/trace_module.o
 .debug_macro   0x00003d96       0x16 ./Output/trace_module.o
 .debug_macro   0x00003dac       0x9e ./Output/trace_module.o
 .debug_macro   0x00003e4a      0x112 ./Output/trace_module.o
 .debug_macro   0x00003f5c       0x10 ./Output/trace_module.o
 .debug_macro   0x00003f6c       0x16 ./Output/trace_module.o
 .debug_macro   0x00003f82       0x16 ./Output/trace_module.o
 .debug_macro   0x00003f98      0x170 ./Output/trace_module.o
 .debug_macro   0x00004108       0x10 ./Output/trace_module.o
 .debug_macro   0x00004118       0x8d ./Output/startup.o

.debug_line     0x00000000     0x7c81
 .debug_line    0x00000000      0x42a ./Output/list.o
 .debug_line    0x0000042a     0x35df ./Output/tasks.o
 .debug_line    0x00003a09      0x91a ./Output/heap_4.o
 .debug_line    0x00004323      0x606 ./Output/port.o
 .debug_line    0x00004929      0x1ef ./Output/main.o
 .debug_line    0x00004b18      0x184 ./Output/uart.o
 .debug_line    0x00004c9c      0x42f ./Output/trace_module.o
 .debug_line    0x000050cb      0x1e0 ./Output/startup.o
 .debug_line    0x000052ab      0x234 /usr/lib/gcc/arm-none-eabi/14.2.1/../../../arm-none-eabi/lib/thumb/v7-m/nofp/libc_nano.a(libc_a-sprintf.o)
 .debug_line    0x000054df      0x862 /usr/lib/gcc/arm-none-eabi/14.2.1/../../../arm-none-eabi/lib/thumb/v7-m/nofp/libc_nano.a(libc_a-nano-svfprintf.o)
 .debug_line    0x00005d41      0x200 /usr/lib/gcc/arm-none-eabi/14.2.1/../../../arm-none-eabi/lib/thumb/v7-m/nofp/libc_nano.a(libc_a-memchr-stub.o)
 .debug_line    0x00005f41      0x1b1 /usr/lib/gcc/arm-none-eabi/14.2.1/../../../arm-none-eabi/lib/thumb/v7-m/nofp/libc_nano.a(libc_a-memset.o)
 .debug_line    0x000060f2      0x45c /usr/lib/gcc/arm-none-eabi/14.2.1/../../../arm-none-eabi/lib/thumb/v7-m/nofp/libc_nano.a(libc_a-mallocr.o)
 .debug_line    0x0000654e       0xbd /usr/lib/gcc/arm-none-eabi/14.2.1/../../../arm-none-eabi/lib/thumb/v7-m/nofp/libc_nano.a(libc_a-memcpy.o)
 .debug_line    0x0000660b      0x2c8 /usr/lib/gcc/arm-none-eabi/14.2.1/../../../arm-none-eabi/lib/thumb/v7-m/nofp/libc_nano.a(libc_a-freer.o)
 .debug_line    0x000068d3       0xe7 /usr/lib/gcc/arm-none-eabi/14.2.1/../../../arm-none-eabi/lib/thumb/v7-m/nofp/libc_nano.a(libc_a-impure.o)
 .debug_line    0x000069ba      0x1fa /usr/lib/gcc/arm-none-eabi/14.2.1/../../../arm-none-eabi/lib/thumb/v7-m/nofp/libc_nano.a(libc_a-reallocr.o)
 .debug_line    0x00006bb4      0x770 /usr/lib/gcc/arm-none-eabi/14.2.1/../../../arm-none-eabi/lib/thumb/v7-m/nofp/libc_nano.a(libc_a-nano-vfprintf_i.o)
 .debug_line    0x00007324      0x153 /usr/lib/gcc/arm-none-eabi/14.2.1/../../../arm-none-eabi/lib/thumb/v7-m/nofp/libc_nano.a(libc_a-mlock.o)
 .debug_line    0x00007477      0x20d /usr/lib/gcc/arm-none-eabi/14.2.1/../../../arm-none-eabi/lib/thumb/v7-m/nofp/libc_nano.a(libc_a-memmove.o)
 .debug_line    0x00007684      0x196 /usr/lib/gcc/arm-none-eabi/14.2.1/../../../arm-none-eabi/lib/thumb/v7-m/nofp/libc_nano.a(libc_a-sbrkr.o)
 .debug_line    0x0000781a      0x176 /usr/lib/gcc/arm-none-eabi/14.2.1/../../../arm-none-eabi/lib/thumb/v7-m/nofp/libc_nano.a(libc_a-msizer.o)
 .debug_line    0x00007990      0x27b /usr/lib/gcc/arm-none-eabi/14.2.1/../../../arm-none-eabi/lib/thumb/v7-m/nofp/libc_nano.a(libc_a-reent.o)
 .debug_line    0x00007c0b       0x76 /usr/lib/gcc/arm-none-eabi/14.2.1/../../../arm-none-eabi/lib/thumb/v7-m/nofp/libnosys.a(sbrk.o)

.debug_str      0x00000000    0x162ef
 .debug_str     0x00000000    0x162ef ./Output/list.o
                              0x10438 (size before relaxing)
 .debug_str     0x000162ef    0x14291 ./Output/tasks.o
 .debug_str     0x000162ef    0x11fe4 ./Output/heap_4.o
 .debug_str     0x000162ef     0xf2b6 ./Output/port.o
 .debug_str     0x000162ef     0xeddc ./Output/main.o
 .debug_str     0x000162ef     0xca86 ./Output/uart.o
 .debug_str     0x000162ef    0x12273 ./Output/trace_module.o
 .debug_str     0x000162ef     0xcb20 ./Output/startup.o
 .debug_str     0x000162ef      0x4f3 /usr/lib/gcc/arm-none-eabi/14.2.1/../../../arm-none-eabi/lib/thumb/v7-m/nofp/libc_nano.a(libc_a-sprintf.o)
 .debug_str     0x000162ef      0x7fd /usr/lib/gcc/arm-none-eabi/14.2.1/../../../arm-none-eabi/lib/thumb/v7-m/nofp/libc_nano.a(libc_a-nano-svfprintf.o)
 .debug_str     0x000162ef      0x1b5 /usr/lib/gcc/arm-none-eabi/14.2.1/../../../arm-none-eabi/lib/thumb/v7-m/nofp/libc_nano.a(libc_a-memchr-stub.o)
 .debug_str     0x000162ef      0x1a5 /usr/lib/gcc/arm-none-eabi/14.2.1/../../../arm-none-eabi/lib/thumb/v7-m/nofp/libc_nano.a(libc_a-memset.o)
 .debug_str     0x000162ef      0x595 /usr/lib/gcc/arm-none-eabi/14.2.1/../../../arm-none-eabi/lib/thumb/v7-m/nofp/libc_nano.a(libc_a-mallocr.o)
 .debug_str     0x000162ef       0xa8 /usr/lib/gcc/arm-none-eabi/14.2.1/../../../arm-none-eabi/lib/thumb/v7-m/nofp/libc_nano.a(libc_a-memcpy.o)
 .debug_str     0x000162ef      0x534 /usr/lib/gcc/arm-none-eabi/14.2.1/../../../arm-none-eabi/lib/thumb/v7-m/nofp/libc_nano.a(libc_a-freer.o)
 .debug_str     0x000162ef      0x4b4 /usr/lib/gcc/arm-none-eabi/14.2.1/../../../arm-none-eabi/lib/thumb/v7-m/nofp/libc_nano.a(libc_a-impure.o)
 .debug_str     0x000162ef      0x52a /usr/lib/gcc/arm-none-eabi/14.2.1/../../../arm-none-eabi/lib/thumb/v7-m/nofp/libc_nano.a(libc_a-reallocr.o)
 .debug_str     0x000162ef      0x793 /usr/lib/gcc/arm-none-eabi/14.2.1/../../../arm-none-eabi/lib/thumb/v7-m/nofp/libc_nano.a(libc_a-nano-vfprintf_i.o)
 .debug_str     0x000162ef      0x4d2 /usr/lib/gcc/arm-none-eabi/14.2.1/../../../arm-none-eabi/lib/thumb/v7-m/nofp/libc_nano.a(libc_a-mlock.o)
 .debug_str     0x000162ef      0x1c4 /usr/lib/gcc/arm-none-eabi/14.2.1/../../../arm-none-eabi/lib/thumb/v7-m/nofp/libc_nano.a(libc_a-memmove.o)
 .debug_str     0x000162ef      0x4bd /usr/lib/gcc/arm-none-eabi/14.2.1/../../../arm-none-eabi/lib/thumb/v7-m/nofp/libc_nano.a(libc_a-sbrkr.o)
 .debug_str     0x000162ef      0x4fd /usr/lib/gcc/arm-none-eabi/14.2.1/../../../arm-none-eabi/lib/thumb/v7-m/nofp/libc_nano.a(libc_a-msizer.o)
 .debug_str     0x000162ef      0x4d3 /usr/lib/gcc/arm-none-eabi/14.2.1/../../../arm-none-eabi/lib/thumb/v7-m/nofp/libc_nano.a(libc_a-reent.o)
 .debug_str     0x000162ef      0x115 /usr/lib/gcc/arm-none-eabi/14.2.1/../../../arm-none-eabi/lib/thumb/v7-m/nofp/libnosys.a(sbrk.o)

.comment        0x00000000       0x4c
 .comment       0x00000000       0x4c ./Output/list.o
                                 0x27 (size before relaxing)
 .comment       0x0000004c       0x27 ./Output/tasks.o
 .comment       0x0000004c       0x27 ./Output/heap_4.o
 .comment       0x0000004c       0x27 ./Output/port.o
 .comment       0x0000004c       0x27 ./Output/main.o
 .comment       0x0000004c       0x27 ./Output/uart.o
 .comment       0x0000004c       0x27 ./Output/trace_module.o
 .comment       0x0000004c       0x27 ./Output/startup.o
 .comment       0x0000004c       0x27 /usr/lib/gcc/arm-none-eabi/14.2.1/../../../arm-none-eabi/lib/thumb/v7-m/nofp/libc_nano.a(libc_a-sprintf.o)
 .comment       0x0000004c       0x27 /usr/lib/gcc/arm-none-eabi/14.2.1/../../../arm-none-eabi/lib/thumb/v7-m/nofp/libc_nano.a(libc_a-nano-svfprintf.o)
 .comment       0x0000004c       0x27 /usr/lib/gcc/arm-none-eabi/14.2.1/../../../arm-none-eabi/lib/thumb/v7-m/nofp/libc_nano.a(libc_a-memchr-stub.o)
 .comment       0x0000004c       0x27 /usr/lib/gcc/arm-none-eabi/14.2.1/../../../arm-none-eabi/lib/thumb/v7-m/nofp/libc_nano.a(libc_a-memset.o)
 .comment       0x0000004c       0x27 /usr/lib/gcc/arm-none-eabi/14.2.1/../../../arm-none-eabi/lib/thumb/v7-m/nofp/libc_nano.a(libc_a-mallocr.o)
 .comment       0x0000004c       0x27 /usr/lib/gcc/arm-none-eabi/14.2.1/../../../arm-none-eabi/lib/thumb/v7-m/nofp/libc_nano.a(libc_a-freer.o)
 .comment       0x0000004c       0x27 /usr/lib/gcc/arm-none-eabi/14.2.1/../../../arm-none-eabi/lib/thumb/v7-m/nofp/libc_nano.a(libc_a-impure.o)
 .comment       0x0000004c       0x27 /usr/lib/gcc/arm-none-eabi/14.2.1/../../../arm-none-eabi/lib/thumb/v7-m/nofp/libc_nano.a(libc_a-reallocr.o)
 .comment       0x0000004c       0x27 /usr/lib/gcc/arm-none-eabi/14.2.1/../../../arm-none-eabi/lib/thumb/v7-m/nofp/libc_nano.a(libc_a-nano-vfprintf_i.o)
 .comment       0x0000004c       0x27 /usr/lib/gcc/arm-none-eabi/14.2.1/../../../arm-none-eabi/lib/thumb/v7-m/nofp/libc_nano.a(libc_a-mlock.o)
 .comment       0x0000004c       0x27 /usr/lib/gcc/arm-none-eabi/14.2.1/../../../arm-none-eabi/lib/thumb/v7-m/nofp/libc_nano.a(libc_a-memmove.o)
 .comment       0x0000004c       0x27 /usr/lib/gcc/arm-none-eabi/14.2.1/../../../arm-none-eabi/lib/thumb/v7-m/nofp/libc_nano.a(libc_a-sbrkr.o)
 .comment       0x0000004c       0x27 /usr/lib/gcc/arm-none-eabi/14.2.1/../../../arm-none-eabi/lib/thumb/v7-m/nofp/libc_nano.a(libc_a-msizer.o)
 .comment       0x0000004c       0x27 /usr/lib/gcc/arm-none-eabi/14.2.1/../../../arm-none-eabi/lib/thumb/v7-m/nofp/libc_nano.a(libc_a-reent.o)
 .comment       0x0000004c       0x27 /usr/lib/gcc/arm-none-eabi/14.2.1/../../../arm-none-eabi/lib/thumb/v7-m/nofp/libnosys.a(sbrk.o)

.ARM.attributes
                0x00000000       0x2b
 .ARM.attributes
                0x00000000       0x2d ./Output/list.o
 .ARM.attributes
                0x0000002d       0x2d ./Output/tasks.o
 .ARM.attributes
                0x0000005a       0x2d ./Output/heap_4.o
 .ARM.attributes
                0x00000087       0x2d ./Output/port.o
 .ARM.attributes
                0x000000b4       0x2d ./Output/main.o
 .ARM.attributes
                0x000000e1       0x2d ./Output/uart.o
 .ARM.attributes
                0x0000010e       0x2d ./Output/trace_module.o
 .ARM.attributes
                0x0000013b       0x2d ./Output/startup.o
 .ARM.attributes
                0x00000168       0x2d /usr/lib/gcc/arm-none-eabi/14.2.1/../../../arm-none-eabi/lib/thumb/v7-m/nofp/libc_nano.a(libc_a-sprintf.o)
 .ARM.attributes
                0x00000195       0x2d /usr/lib/gcc/arm-none-eabi/14.2.1/../../../arm-none-eabi/lib/thumb/v7-m/nofp/libc_nano.a(libc_a-nano-svfprintf.o)
 .ARM.attributes
                0x000001c2       0x2d /usr/lib/gcc/arm-none-eabi/14.2.1/../../../arm-none-eabi/lib/thumb/v7-m/nofp/libc_nano.a(libc_a-memchr-stub.o)
 .ARM.attributes
                0x000001ef       0x2d /usr/lib/gcc/arm-none-eabi/14.2.1/../../../arm-none-eabi/lib/thumb/v7-m/nofp/libc_nano.a(libc_a-memset.o)
 .ARM.attributes
                0x0000021c       0x2d /usr/lib/gcc/arm-none-eabi/14.2.1/../../../arm-none-eabi/lib/thumb/v7-m/nofp/libc_nano.a(libc_a-mallocr.o)
 .ARM.attributes
                0x00000249       0x1b /usr/lib/gcc/arm-none-eabi/14.2.1/../../../arm-none-eabi/lib/thumb/v7-m/nofp/libc_nano.a(libc_a-memcpy.o)
 .ARM.attributes
                0x00000264       0x2d /usr/lib/gcc/arm-none-eabi/14.2.1/../../../arm-none-eabi/lib/thumb/v7-m/nofp/libc_nano.a(libc_a-freer.o)
 .ARM.attributes
                0x00000291       0x2d /usr/lib/gcc/arm-none-eabi/14.2.1/../../../arm-none-eabi/lib/thumb/v7-m/nofp/libc_nano.a(libc_a-impure.o)
 .ARM.attributes
                0x000002be       0x2d /usr/lib/gcc/arm-none-eabi/14.2.1/../../../arm-none-eabi/lib/thumb/v7-m/nofp/libc_nano.a(libc_a-reallocr.o)
 .ARM.attributes
                0x000002eb       0x2d /usr/lib/gcc/arm-none-eabi/14.2.1/../../../arm-none-eabi/lib/thumb/v7-m/nofp/libc_nano.a(libc_a-nano-vfprintf_i.o)
 .ARM.attributes
                0x00000318       0x2d /usr/lib/gcc/arm-none-eabi/14.2.1/../../../arm-none-eabi/lib/thumb/v7-m/nofp/libc_nano.a(libc_a-mlock.o)
 .ARM.attributes
                0x00000345       0x2d /usr/lib/gcc/arm-none-eabi/14.2.1/../../../arm-none-eabi/lib/thumb/v7-m/nofp/libc_nano.a(libc_a-memmove.o)
 .ARM.attributes
                0x00000372       0x2d /usr/lib/gcc/arm-none-eabi/14.2.1/../../../arm-none-eabi/lib/thumb/v7-m/nofp/libc_nano.a(libc_a-sbrkr.o)
 .ARM.attributes
                0x0000039f       0x2d /usr/lib/gcc/arm-none-eabi/14.2.1/../../../arm-none-eabi/lib/thumb/v7-m/nofp/libc_nano.a(libc_a-msizer.o)
 .ARM.attributes
                0x000003cc       0x2d /usr/lib/gcc/arm-none-eabi/14.2.1/../../../arm-none-eabi/lib/thumb/v7-m/nofp/libc_nano.a(libc_a-reent.o)
 .ARM.attributes
                0x000003f9       0x2d /usr/lib/gcc/arm-none-eabi/14.2.1/../../../arm-none-eabi/lib/thumb/v7-m/nofp/libnosys.a(sbrk.o)

.debug_frame    0x00000000      0xe54
 .debug_frame   0x00000000       0x6c ./Output/list.o
 .debug_frame   0x0000006c      0x6a4 ./Output/tasks.o
 .debug_frame   0x00000710       0xf4 ./Output/heap_4.o
 .debug_frame   0x00000804       0xec ./Output/port.o
 .debug_frame   0x000008f0       0x70 ./Output/main.o
 .debug_frame   0x00000960       0x30 ./Output/uart.o
 .debug_frame   0x00000990       0x6c ./Output/trace_module.o
 .debug_frame   0x000009fc       0x58 ./Output/startup.o
 .debug_frame   0x00000a54       0x80 /usr/lib/gcc/arm-none-eabi/14.2.1/../../../arm-none-eabi/lib/thumb/v7-m/nofp/libc_nano.a(libc_a-sprintf.o)
 .debug_frame   0x00000ad4       0x98 /usr/lib/gcc/arm-none-eabi/14.2.1/../../../arm-none-eabi/lib/thumb/v7-m/nofp/libc_nano.a(libc_a-nano-svfprintf.o)
 .debug_frame   0x00000b6c       0x2c /usr/lib/gcc/arm-none-eabi/14.2.1/../../../arm-none-eabi/lib/thumb/v7-m/nofp/libc_nano.a(libc_a-memchr-stub.o)
 .debug_frame   0x00000b98       0x2c /usr/lib/gcc/arm-none-eabi/14.2.1/../../../arm-none-eabi/lib/thumb/v7-m/nofp/libc_nano.a(libc_a-memset.o)
 .debug_frame   0x00000bc4       0x50 /usr/lib/gcc/arm-none-eabi/14.2.1/../../../arm-none-eabi/lib/thumb/v7-m/nofp/libc_nano.a(libc_a-mallocr.o)
 .debug_frame   0x00000c14       0x28 /usr/lib/gcc/arm-none-eabi/14.2.1/../../../arm-none-eabi/lib/thumb/v7-m/nofp/libc_nano.a(libc_a-memcpy.o)
 .debug_frame   0x00000c3c       0x58 /usr/lib/gcc/arm-none-eabi/14.2.1/../../../arm-none-eabi/lib/thumb/v7-m/nofp/libc_nano.a(libc_a-freer.o)
 .debug_frame   0x00000c94       0x38 /usr/lib/gcc/arm-none-eabi/14.2.1/../../../arm-none-eabi/lib/thumb/v7-m/nofp/libc_nano.a(libc_a-reallocr.o)
 .debug_frame   0x00000ccc       0x6c /usr/lib/gcc/arm-none-eabi/14.2.1/../../../arm-none-eabi/lib/thumb/v7-m/nofp/libc_nano.a(libc_a-nano-vfprintf_i.o)
 .debug_frame   0x00000d38       0x30 /usr/lib/gcc/arm-none-eabi/14.2.1/../../../arm-none-eabi/lib/thumb/v7-m/nofp/libc_nano.a(libc_a-mlock.o)
 .debug_frame   0x00000d68       0x40 /usr/lib/gcc/arm-none-eabi/14.2.1/../../../arm-none-eabi/lib/thumb/v7-m/nofp/libc_nano.a(libc_a-memmove.o)
 .debug_frame   0x00000da8       0x2c /usr/lib/gcc/arm-none-eabi/14.2.1/../../../arm-none-eabi/lib/thumb/v7-m/nofp/libc_nano.a(libc_a-sbrkr.o)
 .debug_frame   0x00000dd4       0x20 /usr/lib/gcc/arm-none-eabi/14.2.1/../../../arm-none-eabi/lib/thumb/v7-m/nofp/libc_nano.a(libc_a-msizer.o)
 .debug_frame   0x00000df4       0x40 /usr/lib/gcc/arm-none-eabi/14.2.1/../../../arm-none-eabi/lib/thumb/v7-m/nofp/libc_nano.a(libc_a-reent.o)
 .debug_frame   0x00000e34       0x20 /usr/lib/gcc/arm-none-eabi/14.2.1/../../../arm-none-eabi/lib/thumb/v7-m/nofp/libnosys.a(sbrk.o)

.debug_line_str
                0x00000000       0x95
 .debug_line_str
                0x00000000       0x95 /usr/lib/gcc/arm-none-eabi/14.2.1/../../../arm-none-eabi/lib/thumb/v7-m/nofp/libc_nano.a(libc_a-memcpy.o)
